Archive member included because of file (symbol)

c:/program files/asctec_arm_sdk/winarm/bin/../lib/gcc/arm-elf/4.1.1/../../../../arm-elf/lib/thumb/interwork\libc.a(printf.o)
                              sdk.o (printf)
c:/program files/asctec_arm_sdk/winarm/bin/../lib/gcc/arm-elf/4.1.1/../../../../arm-elf/lib/thumb/interwork\libc.a(puts.o)
                              main.o (puts)
c:/program files/asctec_arm_sdk/winarm/bin/../lib/gcc/arm-elf/4.1.1/../../../../arm-elf/lib/thumb/interwork\libc.a(strlen.o)
                              c:/program files/asctec_arm_sdk/winarm/bin/../lib/gcc/arm-elf/4.1.1/../../../../arm-elf/lib/thumb/interwork\libc.a(puts.o) (strlen)
c:/program files/asctec_arm_sdk/winarm/bin/../lib/gcc/arm-elf/4.1.1/../../../../arm-elf/lib/thumb/interwork\libc.a(vfprintf.o)
                              c:/program files/asctec_arm_sdk/winarm/bin/../lib/gcc/arm-elf/4.1.1/../../../../arm-elf/lib/thumb/interwork\libc.a(printf.o) (_vfprintf_r)
c:/program files/asctec_arm_sdk/winarm/bin/../lib/gcc/arm-elf/4.1.1/../../../../arm-elf/lib/thumb/interwork\libc.a(wcrtomb.o)
                              c:/program files/asctec_arm_sdk/winarm/bin/../lib/gcc/arm-elf/4.1.1/../../../../arm-elf/lib/thumb/interwork\libc.a(vfprintf.o) (_wcrtomb_r)
c:/program files/asctec_arm_sdk/winarm/bin/../lib/gcc/arm-elf/4.1.1/../../../../arm-elf/lib/thumb/interwork\libc.a(wcsrtombs.o)
                              c:/program files/asctec_arm_sdk/winarm/bin/../lib/gcc/arm-elf/4.1.1/../../../../arm-elf/lib/thumb/interwork\libc.a(vfprintf.o) (_wcsrtombs_r)
c:/program files/asctec_arm_sdk/winarm/bin/../lib/gcc/arm-elf/4.1.1/../../../../arm-elf/lib/thumb/interwork\libc.a(wctomb_r.o)
                              c:/program files/asctec_arm_sdk/winarm/bin/../lib/gcc/arm-elf/4.1.1/../../../../arm-elf/lib/thumb/interwork\libc.a(wcrtomb.o) (_wctomb_r)
c:/program files/asctec_arm_sdk/winarm/bin/../lib/gcc/arm-elf/4.1.1/../../../../arm-elf/lib/thumb/interwork\libc.a(wsetup.o)
                              c:/program files/asctec_arm_sdk/winarm/bin/../lib/gcc/arm-elf/4.1.1/../../../../arm-elf/lib/thumb/interwork\libc.a(vfprintf.o) (__swsetup)
c:/program files/asctec_arm_sdk/winarm/bin/../lib/gcc/arm-elf/4.1.1/../../../../arm-elf/lib/thumb/interwork\libc.a(dtoa.o)
                              c:/program files/asctec_arm_sdk/winarm/bin/../lib/gcc/arm-elf/4.1.1/../../../../arm-elf/lib/thumb/interwork\libc.a(vfprintf.o) (_dtoa_r)
c:/program files/asctec_arm_sdk/winarm/bin/../lib/gcc/arm-elf/4.1.1/../../../../arm-elf/lib/thumb/interwork\libc.a(fflush.o)
                              c:/program files/asctec_arm_sdk/winarm/bin/../lib/gcc/arm-elf/4.1.1/../../../../arm-elf/lib/thumb/interwork\libc.a(vfprintf.o) (fflush)
c:/program files/asctec_arm_sdk/winarm/bin/../lib/gcc/arm-elf/4.1.1/../../../../arm-elf/lib/thumb/interwork\libc.a(findfp.o)
                              c:/program files/asctec_arm_sdk/winarm/bin/../lib/gcc/arm-elf/4.1.1/../../../../arm-elf/lib/thumb/interwork\libc.a(vfprintf.o) (__sinit)
c:/program files/asctec_arm_sdk/winarm/bin/../lib/gcc/arm-elf/4.1.1/../../../../arm-elf/lib/thumb/interwork\libc.a(freer.o)
                              c:/program files/asctec_arm_sdk/winarm/bin/../lib/gcc/arm-elf/4.1.1/../../../../arm-elf/lib/thumb/interwork\libc.a(vfprintf.o) (_free_r)
c:/program files/asctec_arm_sdk/winarm/bin/../lib/gcc/arm-elf/4.1.1/../../../../arm-elf/lib/thumb/interwork\libc.a(fvwrite.o)
                              c:/program files/asctec_arm_sdk/winarm/bin/../lib/gcc/arm-elf/4.1.1/../../../../arm-elf/lib/thumb/interwork\libc.a(puts.o) (__sfvwrite)
c:/program files/asctec_arm_sdk/winarm/bin/../lib/gcc/arm-elf/4.1.1/../../../../arm-elf/lib/thumb/interwork\libc.a(fwalk.o)
                              c:/program files/asctec_arm_sdk/winarm/bin/../lib/gcc/arm-elf/4.1.1/../../../../arm-elf/lib/thumb/interwork\libc.a(fflush.o) (_fwalk)
c:/program files/asctec_arm_sdk/winarm/bin/../lib/gcc/arm-elf/4.1.1/../../../../arm-elf/lib/thumb/interwork\libc.a(impure.o)
                              c:/program files/asctec_arm_sdk/winarm/bin/../lib/gcc/arm-elf/4.1.1/../../../../arm-elf/lib/thumb/interwork\libc.a(printf.o) (_impure_ptr)
c:/program files/asctec_arm_sdk/winarm/bin/../lib/gcc/arm-elf/4.1.1/../../../../arm-elf/lib/thumb/interwork\libc.a(locale.o)
                              c:/program files/asctec_arm_sdk/winarm/bin/../lib/gcc/arm-elf/4.1.1/../../../../arm-elf/lib/thumb/interwork\libc.a(vfprintf.o) (localeconv)
c:/program files/asctec_arm_sdk/winarm/bin/../lib/gcc/arm-elf/4.1.1/../../../../arm-elf/lib/thumb/interwork\libc.a(makebuf.o)
                              c:/program files/asctec_arm_sdk/winarm/bin/../lib/gcc/arm-elf/4.1.1/../../../../arm-elf/lib/thumb/interwork\libc.a(wsetup.o) (__smakebuf)
c:/program files/asctec_arm_sdk/winarm/bin/../lib/gcc/arm-elf/4.1.1/../../../../arm-elf/lib/thumb/interwork\libc.a(mallocr.o)
[...]
Memory Configuration

Name             Origin             Length             Attributes
ROM              0x00000000         0x00080000         xr
RAM              0x40000000         0x00008000         rw
*default*        0x00000000         0xffffffff

Linker script and memory map

LOAD Common_WinARM/src/Startup.o
LOAD Common_WinARM/src/swi_handler.o
LOAD LL_HL_comm.o
LOAD mymath.o
LOAD gpsmath.o
LOAD sdk.o
LOAD main.o
LOAD hardware.o
LOAD LPC2k_ee.o
LOAD system.o
LOAD uart.o
LOAD syscalls.o
LOAD i2c.o
LOAD Common_WinARM/src/irq.o
LOAD adc.o
LOAD ssp.o
LOAD c:/program files/asctec_arm_sdk/winarm/bin/../lib/gcc/arm-elf/4.1.1/../../../../arm-elf/lib/thumb/interwork\libc.a
LOAD c:/program files/asctec_arm_sdk/winarm/bin/../lib/gcc/arm-elf/4.1.1/../../../../arm-elf/lib/thumb/interwork\libm.a
LOAD c:/program files/asctec_arm_sdk/winarm/bin/../lib/gcc/arm-elf/4.1.1/../../../../arm-elf/lib/thumb/interwork\libc.a
LOAD c:/program files/asctec_arm_sdk/winarm/bin/../lib/gcc/arm-elf/4.1.1/thumb/interwork\libgcc.a
START GROUP
LOAD c:/program files/asctec_arm_sdk/winarm/bin/../lib/gcc/arm-elf/4.1.1/thumb/interwork\libgcc.a
LOAD c:/program files/asctec_arm_sdk/winarm/bin/../lib/gcc/arm-elf/4.1.1/../../../../arm-elf/lib/thumb/interwork\libg.a
LOAD c:/program files/asctec_arm_sdk/winarm/bin/../lib/gcc/arm-elf/4.1.1/../../../../arm-elf/lib/thumb/interwork\libc.a
END GROUP

.text           0x00000000     0xd97c
 *(.vectorg)
 .vectorg       0x00000000       0x98 Common_WinARM/src/Startup.o
                0x00000050                __IRQ_Wrapper
 .vectorg       0x00000098       0xd0 Common_WinARM/src/swi_handler.o
                0x00000098                SoftwareInterrupt
                0x00000168                . = ALIGN (0x4)
 *(.init)
 .init          0x00000168      0x168 Common_WinARM/src/Startup.o
                0x00000294                __exit_THUMB
                0x00000168                __startup
                0x00000290                __exit_ARM
 *(.text .text.*)
 .text          0x000002d0        0x0 Common_WinARM/src/Startup.o
 .text          0x000002d0       0x38 Common_WinARM/src/swi_handler.o
                0x000002e0                IntGetCPSR
                0x00000300                FiqDisable
                0x000002d0                IntRestore
                0x000002f0                IntDisable
                0x000002d8                FiqRestore
                0x000002e8                IntEnable
                0x000002f8                FiqEnable
 .text          0x00000308      0x6ac LL_HL_comm.o
                0x00000308                SSP_data_distribution_HL
                0x00000430                LL_write_ctrl_data
                0x0000054c                HL2LL_write_cycle
                0x00000724                SSP_rx_handler_HL
 .text          0x000009b4        0x0 mymath.o
 .text          0x000009b4        0x0 gpsmath.o
 .text          0x000009b4      0xda0 sdk.o
                0x00001410                SDK_mainloop
                0x000009f0                HLC_Protocol
                0x000009b4                HLC_Checksum
 .text          0x00001754      0x7dc main.o
                0x000017a0                timer0ISR
                0x00001754                getSystemTicks
                0x00001c88                mainloop
                0x00001c2c                beeper
                0x000018a0                main
 .text          0x00001f30       0x8c hardware.o
                0x00001f30                LED
 .text          0x00001fbc      0x614 LPC2k_ee.o
                0x00001fbc                ee_erase
                0x0000231c                ee_read
                0x000020f8                ee_write
                0x00002414                ee_count
                0x000023ac                ee_readn
                0x00002488                ee_locate
 .text          0x000025d0      0x590 system.o
                0x000027b0                init_timer0
                0x00002944                init_spi1
                0x00002858                PWM_Init
                0x00002708                init_ports
                0x000025d0                init
                0x0000290c                init_spi
                0x0000265c                init_interrupts
                0x00002b18                delay
                0x00002a60                processorClockFrequency
                0x00002a20                pll_feed
                0x000029e0                pll_init
                0x00002a80                peripheralClockFrequency
 .text          0x00002b60     0x25f4 uart.o
                0x0000402c                UARTWriteChar
                0x00003f80                UART1Initialize
                0x000042f0                UART_send_ringbuffer
                0x0000415c                __putchar
                0x000040cc                UARTReadChar
                0x00004114                UART1ReadChar
                0x00002f80                parse_POSLLH
                0x00003878                uart1ISR
                0x00003770                parse_STATUS
                0x000033d4                parse_POSUTM
                0x000041a0                UART_send
                0x0000468c                crc16
                0x000044f8                mdv_output
                0x0000459c                crc_update
                0x0000490c                ringbuffer1
                0x00003dc8                uart0ISR
                0x00002b98                parse_VELNED
                0x00002b60                check_chksum
                0x000044b8                UART_SendPacket_raw
                0x000043c0                UART_SendPacket
                0x00004720                ringbuffer
                0x00004af8                GPS_configure
                0x00003ed4                UARTInitialize
                0x0000407c                UART1WriteChar
                0x000035a0                parse_NAVSOL
                0x00004358                UART1_send_ringbuffer
                0x0000425c                UART1_send
 .text          0x00005154      0x2b4 syscalls.o
                0x000052fc                _lseek_r
                0x00005330                _fstat_r
                0x0000536c                isatty
                0x00005394                _sbrk_r
                0x00005154                _read_r
                0x000052d0                _close_r
                0x00005234                _write_r
 .text          0x00005408      0x750 i2c.o
                0x000058a4                I2C0_send_motordata
                0x00005ac8                I2CEngine
                0x00005408                I2C0MasterHandler
                0x00005950                I2CStart
                0x000059e4                I2CStop
                0x00005a40                I2CInit
 .text          0x00005b58      0x2d0 Common_WinARM/src/irq.o
                0x00005c3c                install_irq
                0x00005d30                uninstall_irq
                0x00005b78                init_VIC
 .text          0x00005e28      0x2cc adc.o
                0x00005e28                ADCInit
                0x00005fec                ADC1Read
                0x00005eb0                ADC0Read
 .text          0x000060f4      0x6e8 ssp.o
                0x000065d4                LL_write
                0x00006594                LL_write_init
                0x000062cc                SSPReceive
                0x000060f4                SSPHandler
 .text          0x000067dc       0x40 c:/program files/asctec_arm_sdk/winarm/bin/../lib/gcc/arm-elf/4.1.1/../../../../arm-elf/lib/thumb/interwork\libc.a(printf.o)
                0x000067dc                printf
                0x00006800                _printf_r
 .text          0x0000681c       0x5c c:/program files/asctec_arm_sdk/winarm/bin/../lib/gcc/arm-elf/4.1.1/../../../../arm-elf/lib/thumb/interwork\libc.a(puts.o)
                0x0000681c                _puts_r
                0x00006864                puts
 .text          0x00006878       0x10 c:/program files/asctec_arm_sdk/winarm/bin/../lib/gcc/arm-elf/4.1.1/../../../../arm-elf/lib/thumb/interwork\libc.a(strlen.o)
                0x00006878                strlen
 .text          0x00006888     0x1460 c:/program files/asctec_arm_sdk/winarm/bin/../lib/gcc/arm-elf/4.1.1/../../../../arm-elf/lib/thumb/interwork\libc.a(vfprintf.o)
                0x000068a8                _vfprintf_r
                0x00007cc8                vfprintf
 .text          0x00007ce8       0x50 c:/program files/asctec_arm_sdk/winarm/bin/../lib/gcc/arm-elf/4.1.1/../../../../arm-elf/lib/thumb/interwork\libc.a(wcrtomb.o)
                0x00007ce8                _wcrtomb_r
                0x00007d18                wcrtomb
 .text          0x00007d38       0xd8 c:/program files/asctec_arm_sdk/winarm/bin/../lib/gcc/arm-elf/4.1.1/../../../../arm-elf/lib/thumb/interwork\libc.a(wcsrtombs.o)
                0x00007d38                _wcsrtombs_r
                0x00007de8                wcsrtombs
 .text          0x00007e10      0x2b0 c:/program files/asctec_arm_sdk/winarm/bin/../lib/gcc/arm-elf/4.1.1/../../../../arm-elf/lib/thumb/interwork\libc.a(wctomb_r.o)
                0x00007e10                _wctomb_r
 .text          0x000080c0       0x94 c:/program files/asctec_arm_sdk/winarm/bin/../lib/gcc/arm-elf/4.1.1/../../../../arm-elf/lib/thumb/interwork\libc.a(wsetup.o)
                0x000080c0                __swsetup
 .text          0x00008154      0xd30 c:/program files/asctec_arm_sdk/winarm/bin/../lib/gcc/arm-elf/4.1.1/../../../../arm-elf/lib/thumb/interwork\libc.a(dtoa.o)
                0x00008288                _dtoa_r
 .text          0x00008e84       0x88 c:/program files/asctec_arm_sdk/winarm/bin/../lib/gcc/arm-elf/4.1.1/../../../../arm-elf/lib/thumb/interwork\libc.a(fflush.o)
                0x00008e84                fflush
 .text          0x00008f0c      0x1b0 c:/program files/asctec_arm_sdk/winarm/bin/../lib/gcc/arm-elf/4.1.1/../../../../arm-elf/lib/thumb/interwork\libc.a(findfp.o)
                0x00008f44                __sinit
                0x00008fdc                __sfmoreglue
                0x00008fc8                _cleanup
                0x00008fb8                _cleanup_r
                0x0000902c                __fp_lock_all
                0x00008fa0                __sfp_lock_acquire
                0x00009044                __sfp
                0x00008fac                __sinit_lock_release
                0x00009014                __fp_unlock_all
                0x00008fa4                __sfp_lock_release
                0x00008fa8                __sinit_lock_acquire
 .text          0x000090bc      0x248 c:/program files/asctec_arm_sdk/winarm/bin/../lib/gcc/arm-elf/4.1.1/../../../../arm-elf/lib/thumb/interwork\libc.a(freer.o)
                0x0000915c                _free_r
                0x000090bc                _malloc_trim_r
 .text          0x00009304      0x25c c:/program files/asctec_arm_sdk/winarm/bin/../lib/gcc/arm-elf/4.1.1/../../../../arm-elf/lib/thumb/interwork\libc.a(fvwrite.o)
                0x00009304                __sfvwrite
 .text          0x00009560       0xb4 c:/program files/asctec_arm_sdk/winarm/bin/../lib/gcc/arm-elf/4.1.1/../../../../arm-elf/lib/thumb/interwork\libc.a(fwalk.o)
                0x000095bc                _fwalk
                0x00009560                _fwalk_reent
 .text          0x00009614        0x0 c:/program files/asctec_arm_sdk/winarm/bin/../lib/gcc/arm-elf/4.1.1/../../../../arm-elf/lib/thumb/interwork\libc.a(impure.o)
 .text          0x00009614       0x78 c:/program files/asctec_arm_sdk/winarm/bin/../lib/gcc/arm-elf/4.1.1/../../../../arm-elf/lib/thumb/interwork\libc.a(locale.o)
                0x00009628                _setlocale_r
                0x00009614                __locale_charset
                0x00009620                _localeconv_r
                0x00009668                setlocale
                0x00009684                localeconv
 .text          0x0000968c       0xd8 c:/program files/asctec_arm_sdk/winarm/bin/../lib/gcc/arm-elf/4.1.1/../../../../arm-elf/lib/thumb/interwork\libc.a(makebuf.o)
                0x0000968c                __smakebuf
 .text          0x00009764      0x4ac c:/program files/asctec_arm_sdk/winarm/bin/../lib/gcc/arm-elf/4.1.1/../../../../arm-elf/lib/thumb/interwork\libc.a(mallocr.o)
                0x00009764                _malloc_r
 .text          0x00009c10       0x18 c:/program files/asctec_arm_sdk/winarm/bin/../lib/gcc/arm-elf/4.1.1/../../../../arm-elf/lib/thumb/interwork\libc.a(memchr.o)
                0x00009c10                memchr
 .text          0x00009c28       0x20 c:/program files/asctec_arm_sdk/winarm/bin/../lib/gcc/arm-elf/4.1.1/../../../../arm-elf/lib/thumb/interwork\libc.a(memcpy.o)
                0x00009c28                memcpy
 .text          0x00009c48       0x38 c:/program files/asctec_arm_sdk/winarm/bin/../lib/gcc/arm-elf/4.1.1/../../../../arm-elf/lib/thumb/interwork\libc.a(memmove.o)
                0x00009c48                memmove
 .text          0x00009c80       0x10 c:/program files/asctec_arm_sdk/winarm/bin/../lib/gcc/arm-elf/4.1.1/../../../../arm-elf/lib/thumb/interwork\libc.a(memset.o)
                0x00009c80                memset
 .text          0x00009c90        0x8 c:/program files/asctec_arm_sdk/winarm/bin/../lib/gcc/arm-elf/4.1.1/../../../../arm-elf/lib/thumb/interwork\libc.a(mlock.o)
                0x00009c94                __malloc_unlock
                0x00009c90                __malloc_lock
 .text          0x00009c98      0x834 c:/program files/asctec_arm_sdk/winarm/bin/../lib/gcc/arm-elf/4.1.1/../../../../arm-elf/lib/thumb/interwork\libc.a(mprec.o)
                0x00009f08                _mprec_log10
                0x00009cb0                _hi0bits
                0x00009f4c                _Balloc
                0x00009fa8                _d2b
                0x0000a1ec                _multiply
                0x00009eb4                _ratio
                0x0000a448                _s2b
                0x0000a318                _i2b
                0x00009cf8                _lo0bits
                0x00009d64                __mcmp
                0x0000a3bc                _pow5mult
                0x00009da4                _ulp
                0x00009df4                _b2d
                0x0000a330                _multadd
                0x0000a07c                __mdiff
                0x0000a15c                _lshift
                0x00009c98                _Bfree
 .text          0x0000a4cc      0x308 c:/program files/asctec_arm_sdk/winarm/bin/../lib/gcc/arm-elf/4.1.1/../../../../arm-elf/lib/thumb/interwork\libc.a(reallocr.o)
                0x0000a4cc                _realloc_r
 .text          0x0000a7d4       0x2c c:/program files/asctec_arm_sdk/winarm/bin/../lib/gcc/arm-elf/4.1.1/../../../../arm-elf/lib/thumb/interwork\libc.a(s_isinf.o)
                0x0000a7d4                isinf
 .text          0x0000a800       0x24 c:/program files/asctec_arm_sdk/winarm/bin/../lib/gcc/arm-elf/4.1.1/../../../../arm-elf/lib/thumb/interwork\libc.a(s_isnan.o)
                0x0000a800                isnan
 .text          0x0000a824       0xd0 c:/program files/asctec_arm_sdk/winarm/bin/../lib/gcc/arm-elf/4.1.1/../../../../arm-elf/lib/thumb/interwork\libc.a(stdio.o)
                0x0000a83c                __sseek
                0x0000a8bc                __sread
                0x0000a824                __sclose
                0x0000a878                __swrite
 .text          0x0000a8f4       0x18 c:/program files/asctec_arm_sdk/winarm/bin/../lib/gcc/arm-elf/4.1.1/../../../../arm-elf/lib/thumb/interwork\libc.a(strcmp.o)
                0x0000a8f4                strcmp
 .text          0x0000a90c       0x5c c:/program files/asctec_arm_sdk/winarm/bin/../lib/gcc/arm-elf/4.1.1/../../../../arm-elf/lib/thumb/interwork\libc.a(callocr.o)
                0x0000a90c                _calloc_r
 .text          0x0000a968       0xb8 c:/program files/asctec_arm_sdk/winarm/bin/../lib/gcc/arm-elf/4.1.1/../../../../arm-elf/lib/thumb/interwork\libc.a(fclose.o)
                0x0000a968                _fclose_r
                0x0000aa08                fclose
 .text          0x0000aa20       0xa8 c:/program files/asctec_arm_sdk/winarm/bin/../lib/gcc/arm-elf/4.1.1/../../../../arm-elf/lib/thumb/interwork\libm.a(s_cos.o)
                0x0000aa20                cos
 .text          0x0000aac8       0xac c:/program files/asctec_arm_sdk/winarm/bin/../lib/gcc/arm-elf/4.1.1/../../../../arm-elf/lib/thumb/interwork\libm.a(s_sin.o)
                0x0000aac8                sin
 .text          0x0000ab74      0x420 c:/program files/asctec_arm_sdk/winarm/bin/../lib/gcc/arm-elf/4.1.1/../../../../arm-elf/lib/thumb/interwork\libm.a(e_rem_pio2.o)
                0x0000ab74                __ieee754_rem_pio2
 .text          0x0000af94      0x264 c:/program files/asctec_arm_sdk/winarm/bin/../lib/gcc/arm-elf/4.1.1/../../../../arm-elf/lib/thumb/interwork\libm.a(k_cos.o)
                0x0000af94                __kernel_cos
 .text          0x0000b1f8      0x744 c:/program files/asctec_arm_sdk/winarm/bin/../lib/gcc/arm-elf/4.1.1/../../../../arm-elf/lib/thumb/interwork\libm.a(k_rem_pio2.o)
                0x0000b1f8                __kernel_rem_pio2
 .text          0x0000b93c      0x178 c:/program files/asctec_arm_sdk/winarm/bin/../lib/gcc/arm-elf/4.1.1/../../../../arm-elf/lib/thumb/interwork\libm.a(k_sin.o)
                0x0000b93c                __kernel_sin
 .text          0x0000bab4       0x18 c:/program files/asctec_arm_sdk/winarm/bin/../lib/gcc/arm-elf/4.1.1/../../../../arm-elf/lib/thumb/interwork\libm.a(s_fabs.o)
                0x0000bab4                fabs
 .text          0x0000bacc      0x12c c:/program files/asctec_arm_sdk/winarm/bin/../lib/gcc/arm-elf/4.1.1/../../../../arm-elf/lib/thumb/interwork\libm.a(s_floor.o)
                0x0000bacc                floor
 .text          0x0000bbf8      0x110 c:/program files/asctec_arm_sdk/winarm/bin/../lib/gcc/arm-elf/4.1.1/../../../../arm-elf/lib/thumb/interwork\libm.a(s_scalbn.o)
                0x0000bbf8                scalbn
 .text          0x0000bd08       0x24 c:/program files/asctec_arm_sdk/winarm/bin/../lib/gcc/arm-elf/4.1.1/../../../../arm-elf/lib/thumb/interwork\libm.a(s_copysign.o)
                0x0000bd08                copysign
 .text          0x0000bd2c       0x8c c:/program files/asctec_arm_sdk/winarm/bin/../lib/gcc/arm-elf/4.1.1/thumb/interwork\libgcc.a(_udivsi3.o)
                0x0000bd2c                __udivsi3
                0x0000bd2c                __aeabi_uidiv
                0x0000bda8                __aeabi_uidivmod
 .text          0x0000bdb8       0xa4 c:/program files/asctec_arm_sdk/winarm/bin/../lib/gcc/arm-elf/4.1.1/thumb/interwork\libgcc.a(_divsi3.o)
                0x0000bdb8                __aeabi_idiv
                0x0000bdb8                __divsi3
                0x0000be4c                __aeabi_idivmod
 .text          0x0000be5c       0xc8 c:/program files/asctec_arm_sdk/winarm/bin/../lib/gcc/arm-elf/4.1.1/thumb/interwork\libgcc.a(_umodsi3.o)
                0x0000be5c                __umodsi3
 .text          0x0000bf24       0xd8 c:/program files/asctec_arm_sdk/winarm/bin/../lib/gcc/arm-elf/4.1.1/thumb/interwork\libgcc.a(_modsi3.o)
                0x0000bf24                __modsi3
 .text          0x0000bffc        0x4 c:/program files/asctec_arm_sdk/winarm/bin/../lib/gcc/arm-elf/4.1.1/thumb/interwork\libgcc.a(_dvmd_tls.o)
                0x0000bffc                __aeabi_ldiv0
                0x0000bffc                __div0
                0x0000bffc                __aeabi_idiv0
 .text          0x0000c000      0x430 c:/program files/asctec_arm_sdk/winarm/bin/../lib/gcc/arm-elf/4.1.1/thumb/interwork\libgcc.a(_addsubdf3.o)
                0x0000c3c4                __floatdidf
                0x0000c344                __floatsidf
                0x0000c31c                __aeabi_ui2d
                0x0000c000                __aeabi_drsub
                0x0000c370                __extendsfdf2
                0x0000c00c                __adddf3
                0x0000c31c                __floatunsidf
                0x0000c00c                __aeabi_dadd
                0x0000c3b0                __aeabi_ul2d
                0x0000c008                __aeabi_dsub
                0x0000c3b0                __floatundidf
                0x0000c344                __aeabi_i2d
                0x0000c3c4                __aeabi_l2d
                0x0000c370                __aeabi_f2d
                0x0000c008                __subdf3
 .text          0x0000c430      0x49c c:/program files/asctec_arm_sdk/winarm/bin/../lib/gcc/arm-elf/4.1.1/thumb/interwork\libgcc.a(_muldivdf3.o)
                0x0000c6c0                __aeabi_ddiv
                0x0000c430                __aeabi_dmul
                0x0000c6c0                __divdf3
                0x0000c430                __muldf3
 .text          0x0000c8cc      0x140 c:/program files/asctec_arm_sdk/winarm/bin/../lib/gcc/arm-elf/4.1.1/thumb/interwork\libgcc.a(_cmpdf2.o)
                0x0000c9c4                __aeabi_dcmple
                0x0000c8dc                __cmpdf2
                0x0000c8dc                __eqdf2
                0x0000c8cc                __gtdf2
                0x0000c97c                __aeabi_cdcmple
                0x0000c960                __aeabi_cdrcmple
                0x0000c8d4                __ltdf2
                0x0000c9ac                __aeabi_dcmplt
                0x0000c8d4                __ledf2
                0x0000c9f4                __aeabi_dcmpgt
                0x0000c9dc                __aeabi_dcmpge
                0x0000c8dc                __nedf2
                0x0000c994                __aeabi_dcmpeq
                0x0000c97c                __aeabi_cdcmpeq
                0x0000c8cc                __gedf2
 .text          0x0000ca0c       0x5c c:/program files/asctec_arm_sdk/winarm/bin/../lib/gcc/arm-elf/4.1.1/thumb/interwork\libgcc.a(_fixdfsi.o)
                0x0000ca0c                __fixdfsi
                0x0000ca0c                __aeabi_d2iz
 .text          0x0000ca68       0x28 c:/program files/asctec_arm_sdk/winarm/bin/../lib/gcc/arm-elf/4.1.1/thumb/interwork\libgcc.a(_cmpdi2.o)
                0x0000ca68                __cmpdi2
 .text          0x0000ca90       0x40 c:/program files/asctec_arm_sdk/winarm/bin/../lib/gcc/arm-elf/4.1.1/thumb/interwork\libgcc.a(_fixdfdi.o)
                0x0000ca90                __fixdfdi
 .text          0x0000cad0      0x464 c:/program files/asctec_arm_sdk/winarm/bin/../lib/gcc/arm-elf/4.1.1/thumb/interwork\libgcc.a(_divdi3.o)
                0x0000cad0                __divdi3
 .text          0x0000cf34       0x70 c:/program files/asctec_arm_sdk/winarm/bin/../lib/gcc/arm-elf/4.1.1/thumb/interwork\libgcc.a(_fixunsdfdi.o)
                0x0000cf34                __fixunsdfdi
 .text          0x0000cfa4        0x0 c:/program files/asctec_arm_sdk/winarm/bin/../lib/gcc/arm-elf/4.1.1/thumb/interwork\libgcc.a(_clz.o)
 .text          0x0000cfa4       0x54 c:/program files/asctec_arm_sdk/winarm/bin/../lib/gcc/arm-elf/4.1.1/thumb/interwork\libgcc.a(_fixunsdfsi.o)
                0x0000cfa4                __fixunsdfsi
                0x0000cfa4                __aeabi_d2uiz
 *(.gnu.linkonce.t.*)
 *(.glue_7)
 .glue_7        0x0000cff8        0x0 Common_WinARM/src/Startup.o
 .glue_7        0x0000cff8        0x0 Common_WinARM/src/swi_handler.o
 .glue_7        0x0000cff8        0x0 LL_HL_comm.o
 .glue_7        0x0000cff8        0x0 mymath.o
 .glue_7        0x0000cff8        0x0 gpsmath.o
 .glue_7        0x0000cff8        0x0 sdk.o
 .glue_7        0x0000cff8        0x0 main.o
 .glue_7        0x0000cff8        0x0 hardware.o
 .glue_7        0x0000cff8        0x0 LPC2k_ee.o
 .glue_7        0x0000cff8        0x0 system.o
 .glue_7        0x0000cff8        0x0 uart.o
 .glue_7        0x0000cff8        0x0 syscalls.o
 .glue_7        0x0000cff8        0x0 i2c.o
 .glue_7        0x0000cff8        0x0 Common_WinARM/src/irq.o
 .glue_7        0x0000cff8        0x0 adc.o
 .glue_7        0x0000cff8        0x0 ssp.o
 .glue_7        0x0000cff8        0x0 c:/program files/asctec_arm_sdk/winarm/bin/../lib/gcc/arm-elf/4.1.1/../../../../arm-elf/lib/thumb/interwork\libc.a(printf.o)
 .glue_7        0x0000cff8        0x0 c:/program files/asctec_arm_sdk/winarm/bin/../lib/gcc/arm-elf/4.1.1/../../../../arm-elf/lib/thumb/interwork\libc.a(puts.o)
 .glue_7        0x0000cff8        0x0 c:/program files/asctec_arm_sdk/winarm/bin/../lib/gcc/arm-elf/4.1.1/../../../../arm-elf/lib/thumb/interwork\libc.a(strlen.o)
 .glue_7        0x0000cff8        0x0 c:/program files/asctec_arm_sdk/winarm/bin/../lib/gcc/arm-elf/4.1.1/../../../../arm-elf/lib/thumb/interwork\libc.a(vfprintf.o)
 .glue_7        0x0000cff8        0x0 c:/program files/asctec_arm_sdk/winarm/bin/../lib/gcc/arm-elf/4.1.1/../../../../arm-elf/lib/thumb/interwork\libc.a(wcrtomb.o)
 .glue_7        0x0000cff8        0x0 c:/program files/asctec_arm_sdk/winarm/bin/../lib/gcc/arm-elf/4.1.1/../../../../arm-elf/lib/thumb/interwork\libc.a(wcsrtombs.o)
 .glue_7        0x0000cff8        0x0 c:/program files/asctec_arm_sdk/winarm/bin/../lib/gcc/arm-elf/4.1.1/../../../../arm-elf/lib/thumb/interwork\libc.a(wctomb_r.o)
 .glue_7        0x0000cff8        0x0 c:/program files/asctec_arm_sdk/winarm/bin/../lib/gcc/arm-elf/4.1.1/../../../../arm-elf/lib/thumb/interwork\libc.a(wsetup.o)
 .glue_7        0x0000cff8        0x0 c:/program files/asctec_arm_sdk/winarm/bin/../lib/gcc/arm-elf/4.1.1/../../../../arm-elf/lib/thumb/interwork\libc.a(dtoa.o)
 .glue_7        0x0000cff8        0x0 c:/program files/asctec_arm_sdk/winarm/bin/../lib/gcc/arm-elf/4.1.1/../../../../arm-elf/lib/thumb/interwork\libc.a(fflush.o)
 .glue_7        0x0000cff8        0x0 c:/program files/asctec_arm_sdk/winarm/bin/../lib/gcc/arm-elf/4.1.1/../../../../arm-elf/lib/thumb/interwork\libc.a(findfp.o)
 .glue_7        0x0000cff8        0x0 c:/program files/asctec_arm_sdk/winarm/bin/../lib/gcc/arm-elf/4.1.1/../../../../arm-elf/lib/thumb/interwork\libc.a(freer.o)
 .glue_7        0x0000cff8        0x0 c:/program files/asctec_arm_sdk/winarm/bin/../lib/gcc/arm-elf/4.1.1/../../../../arm-elf/lib/thumb/interwork\libc.a(fvwrite.o)
 .glue_7        0x0000cff8        0x0 c:/program files/asctec_arm_sdk/winarm/bin/../lib/gcc/arm-elf/4.1.1/../../../../arm-elf/lib/thumb/interwork\libc.a(fwalk.o)
 .glue_7        0x0000cff8        0x0 c:/program files/asctec_arm_sdk/winarm/bin/../lib/gcc/arm-elf/4.1.1/../../../../arm-elf/lib/thumb/interwork\libc.a(impure.o)
 .glue_7        0x0000cff8        0x0 c:/program files/asctec_arm_sdk/winarm/bin/../lib/gcc/arm-elf/4.1.1/../../../../arm-elf/lib/thumb/interwork\libc.a(locale.o)
 .glue_7        0x0000cff8        0x0 c:/program files/asctec_arm_sdk/winarm/bin/../lib/gcc/arm-elf/4.1.1/../../../../arm-elf/lib/thumb/interwork\libc.a(makebuf.o)
 .glue_7        0x0000cff8        0x0 c:/program files/asctec_arm_sdk/winarm/bin/../lib/gcc/arm-elf/4.1.1/../../../../arm-elf/lib/thumb/interwork\libc.a(mallocr.o)
 .glue_7        0x0000cff8        0x0 c:/program files/asctec_arm_sdk/winarm/bin/../lib/gcc/arm-elf/4.1.1/../../../../arm-elf/lib/thumb/interwork\libc.a(memchr.o)
 .glue_7        0x0000cff8        0x0 c:/program files/asctec_arm_sdk/winarm/bin/../lib/gcc/arm-elf/4.1.1/../../../../arm-elf/lib/thumb/interwork\libc.a(memcpy.o)
 .glue_7        0x0000cff8        0x0 c:/program files/asctec_arm_sdk/winarm/bin/../lib/gcc/arm-elf/4.1.1/../../../../arm-elf/lib/thumb/interwork\libc.a(memmove.o)
 .glue_7        0x0000cff8        0x0 c:/program files/asctec_arm_sdk/winarm/bin/../lib/gcc/arm-elf/4.1.1/../../../../arm-elf/lib/thumb/interwork\libc.a(memset.o)
 .glue_7        0x0000cff8        0x0 c:/program files/asctec_arm_sdk/winarm/bin/../lib/gcc/arm-elf/4.1.1/../../../../arm-elf/lib/thumb/interwork\libc.a(mlock.o)
 .glue_7        0x0000cff8        0x0 c:/program files/asctec_arm_sdk/winarm/bin/../lib/gcc/arm-elf/4.1.1/../../../../arm-elf/lib/thumb/interwork\libc.a(mprec.o)
 .glue_7        0x0000cff8        0x0 c:/program files/asctec_arm_sdk/winarm/bin/../lib/gcc/arm-elf/4.1.1/../../../../arm-elf/lib/thumb/interwork\libc.a(reallocr.o)
 .glue_7        0x0000cff8        0x0 c:/program files/asctec_arm_sdk/winarm/bin/../lib/gcc/arm-elf/4.1.1/../../../../arm-elf/lib/thumb/interwork\libc.a(s_isinf.o)
 .glue_7        0x0000cff8        0x0 c:/program files/asctec_arm_sdk/winarm/bin/../lib/gcc/arm-elf/4.1.1/../../../../arm-elf/lib/thumb/interwork\libc.a(s_isnan.o)
 .glue_7        0x0000cff8        0x0 c:/program files/asctec_arm_sdk/winarm/bin/../lib/gcc/arm-elf/4.1.1/../../../../arm-elf/lib/thumb/interwork\libc.a(stdio.o)
 .glue_7        0x0000cff8        0x0 c:/program files/asctec_arm_sdk/winarm/bin/../lib/gcc/arm-elf/4.1.1/../../../../arm-elf/lib/thumb/interwork\libc.a(strcmp.o)
 .glue_7        0x0000cff8        0x0 c:/program files/asctec_arm_sdk/winarm/bin/../lib/gcc/arm-elf/4.1.1/../../../../arm-elf/lib/thumb/interwork\libc.a(callocr.o)
 .glue_7        0x0000cff8        0x0 c:/program files/asctec_arm_sdk/winarm/bin/../lib/gcc/arm-elf/4.1.1/../../../../arm-elf/lib/thumb/interwork\libc.a(fclose.o)
 .glue_7        0x0000cff8        0x0 c:/program files/asctec_arm_sdk/winarm/bin/../lib/gcc/arm-elf/4.1.1/../../../../arm-elf/lib/thumb/interwork\libm.a(s_cos.o)
 .glue_7        0x0000cff8        0x0 c:/program files/asctec_arm_sdk/winarm/bin/../lib/gcc/arm-elf/4.1.1/../../../../arm-elf/lib/thumb/interwork\libm.a(s_sin.o)
 .glue_7        0x0000cff8        0x0 c:/program files/asctec_arm_sdk/winarm/bin/../lib/gcc/arm-elf/4.1.1/../../../../arm-elf/lib/thumb/interwork\libm.a(e_rem_pio2.o)
 .glue_7        0x0000cff8        0x0 c:/program files/asctec_arm_sdk/winarm/bin/../lib/gcc/arm-elf/4.1.1/../../../../arm-elf/lib/thumb/interwork\libm.a(k_cos.o)
 .glue_7        0x0000cff8        0x0 c:/program files/asctec_arm_sdk/winarm/bin/../lib/gcc/arm-elf/4.1.1/../../../../arm-elf/lib/thumb/interwork\libm.a(k_rem_pio2.o)
 .glue_7        0x0000cff8        0x0 c:/program files/asctec_arm_sdk/winarm/bin/../lib/gcc/arm-elf/4.1.1/../../../../arm-elf/lib/thumb/interwork\libm.a(k_sin.o)
 .glue_7        0x0000cff8        0x0 c:/program files/asctec_arm_sdk/winarm/bin/../lib/gcc/arm-elf/4.1.1/../../../../arm-elf/lib/thumb/interwork\libm.a(s_fabs.o)
 .glue_7        0x0000cff8        0x0 c:/program files/asctec_arm_sdk/winarm/bin/../lib/gcc/arm-elf/4.1.1/../../../../arm-elf/lib/thumb/interwork\libm.a(s_floor.o)
 .glue_7        0x0000cff8        0x0 c:/program files/asctec_arm_sdk/winarm/bin/../lib/gcc/arm-elf/4.1.1/../../../../arm-elf/lib/thumb/interwork\libm.a(s_scalbn.o)
 .glue_7        0x0000cff8        0x0 c:/program files/asctec_arm_sdk/winarm/bin/../lib/gcc/arm-elf/4.1.1/../../../../arm-elf/lib/thumb/interwork\libm.a(s_copysign.o)
 .glue_7        0x0000cff8        0x0 c:/program files/asctec_arm_sdk/winarm/bin/../lib/gcc/arm-elf/4.1.1/thumb/interwork\libgcc.a(_udivsi3.o)
 .glue_7        0x0000cff8        0x0 c:/program files/asctec_arm_sdk/winarm/bin/../lib/gcc/arm-elf/4.1.1/thumb/interwork\libgcc.a(_divsi3.o)
 .glue_7        0x0000cff8        0x0 c:/program files/asctec_arm_sdk/winarm/bin/../lib/gcc/arm-elf/4.1.1/thumb/interwork\libgcc.a(_umodsi3.o)
 .glue_7        0x0000cff8        0x0 c:/program files/asctec_arm_sdk/winarm/bin/../lib/gcc/arm-elf/4.1.1/thumb/interwork\libgcc.a(_modsi3.o)
 .glue_7        0x0000cff8        0x0 c:/program files/asctec_arm_sdk/winarm/bin/../lib/gcc/arm-elf/4.1.1/thumb/interwork\libgcc.a(_dvmd_tls.o)
 .glue_7        0x0000cff8        0x0 c:/program files/asctec_arm_sdk/winarm/bin/../lib/gcc/arm-elf/4.1.1/thumb/interwork\libgcc.a(_addsubdf3.o)
 .glue_7        0x0000cff8        0x0 c:/program files/asctec_arm_sdk/winarm/bin/../lib/gcc/arm-elf/4.1.1/thumb/interwork\libgcc.a(_muldivdf3.o)
 .glue_7        0x0000cff8        0x0 c:/program files/asctec_arm_sdk/winarm/bin/../lib/gcc/arm-elf/4.1.1/thumb/interwork\libgcc.a(_cmpdf2.o)
 .glue_7        0x0000cff8        0x0 c:/program files/asctec_arm_sdk/winarm/bin/../lib/gcc/arm-elf/4.1.1/thumb/interwork\libgcc.a(_fixdfsi.o)
 .glue_7        0x0000cff8        0x0 c:/program files/asctec_arm_sdk/winarm/bin/../lib/gcc/arm-elf/4.1.1/thumb/interwork\libgcc.a(_cmpdi2.o)
 .glue_7        0x0000cff8        0x0 c:/program files/asctec_arm_sdk/winarm/bin/../lib/gcc/arm-elf/4.1.1/thumb/interwork\libgcc.a(_fixdfdi.o)
 .glue_7        0x0000cff8        0x0 c:/program files/asctec_arm_sdk/winarm/bin/../lib/gcc/arm-elf/4.1.1/thumb/interwork\libgcc.a(_divdi3.o)
 .glue_7        0x0000cff8        0x0 c:/program files/asctec_arm_sdk/winarm/bin/../lib/gcc/arm-elf/4.1.1/thumb/interwork\libgcc.a(_fixunsdfdi.o)
 .glue_7        0x0000cff8        0x0 c:/program files/asctec_arm_sdk/winarm/bin/../lib/gcc/arm-elf/4.1.1/thumb/interwork\libgcc.a(_clz.o)
 .glue_7        0x0000cff8       0x60 c:/program files/asctec_arm_sdk/winarm/bin/../lib/gcc/arm-elf/4.1.1/thumb/interwork\libgcc.a(_fixunsdfsi.o)
                0x0000d028                ____cmpdi2_from_arm
                0x0000d004                ____divdi3_from_arm
                0x0000d010                __cos_from_arm
                0x0000d04c                ____udivsi3_from_arm
                0x0000d040                __puts_from_arm
                0x0000cff8                __printf_from_arm
                0x0000d01c                __sin_from_arm
                0x0000d034                ____fixdfdi_from_arm
 *(.glue_7t)
 .glue_7t       0x0000d058        0x0 Common_WinARM/src/Startup.o
 .glue_7t       0x0000d058        0x0 Common_WinARM/src/swi_handler.o
 .glue_7t       0x0000d058        0x0 LL_HL_comm.o
 .glue_7t       0x0000d058        0x0 mymath.o
 .glue_7t       0x0000d058        0x0 gpsmath.o
 .glue_7t       0x0000d058        0x0 sdk.o
 .glue_7t       0x0000d058        0x0 main.o
 .glue_7t       0x0000d058        0x0 hardware.o
 .glue_7t       0x0000d058        0x0 LPC2k_ee.o
 .glue_7t       0x0000d058        0x0 system.o
 .glue_7t       0x0000d058        0x0 uart.o
 .glue_7t       0x0000d058        0x0 syscalls.o
 .glue_7t       0x0000d058        0x0 i2c.o
 .glue_7t       0x0000d058        0x0 Common_WinARM/src/irq.o
 .glue_7t       0x0000d058        0x0 adc.o
 .glue_7t       0x0000d058        0x0 ssp.o
 .glue_7t       0x0000d058        0x0 c:/program files/asctec_arm_sdk/winarm/bin/../lib/gcc/arm-elf/4.1.1/../../../../arm-elf/lib/thumb/interwork\libc.a(printf.o)
 .glue_7t       0x0000d058        0x0 c:/program files/asctec_arm_sdk/winarm/bin/../lib/gcc/arm-elf/4.1.1/../../../../arm-elf/lib/thumb/interwork\libc.a(puts.o)
 .glue_7t       0x0000d058        0x0 c:/program files/asctec_arm_sdk/winarm/bin/../lib/gcc/arm-elf/4.1.1/../../../../arm-elf/lib/thumb/interwork\libc.a(strlen.o)
 .glue_7t       0x0000d058        0x0 c:/program files/asctec_arm_sdk/winarm/bin/../lib/gcc/arm-elf/4.1.1/../../../../arm-elf/lib/thumb/interwork\libc.a(vfprintf.o)
 .glue_7t       0x0000d058        0x0 c:/program files/asctec_arm_sdk/winarm/bin/../lib/gcc/arm-elf/4.1.1/../../../../arm-elf/lib/thumb/interwork\libc.a(wcrtomb.o)
 .glue_7t       0x0000d058        0x0 c:/program files/asctec_arm_sdk/winarm/bin/../lib/gcc/arm-elf/4.1.1/../../../../arm-elf/lib/thumb/interwork\libc.a(wcsrtombs.o)
 .glue_7t       0x0000d058        0x0 c:/program files/asctec_arm_sdk/winarm/bin/../lib/gcc/arm-elf/4.1.1/../../../../arm-elf/lib/thumb/interwork\libc.a(wctomb_r.o)
 .glue_7t       0x0000d058        0x0 c:/program files/asctec_arm_sdk/winarm/bin/../lib/gcc/arm-elf/4.1.1/../../../../arm-elf/lib/thumb/interwork\libc.a(wsetup.o)
 .glue_7t       0x0000d058        0x0 c:/program files/asctec_arm_sdk/winarm/bin/../lib/gcc/arm-elf/4.1.1/../../../../arm-elf/lib/thumb/interwork\libc.a(dtoa.o)
 .glue_7t       0x0000d058        0x0 c:/program files/asctec_arm_sdk/winarm/bin/../lib/gcc/arm-elf/4.1.1/../../../../arm-elf/lib/thumb/interwork\libc.a(fflush.o)
 .glue_7t       0x0000d058        0x0 c:/program files/asctec_arm_sdk/winarm/bin/../lib/gcc/arm-elf/4.1.1/../../../../arm-elf/lib/thumb/interwork\libc.a(findfp.o)
 .glue_7t       0x0000d058        0x0 c:/program files/asctec_arm_sdk/winarm/bin/../lib/gcc/arm-elf/4.1.1/../../../../arm-elf/lib/thumb/interwork\libc.a(freer.o)
 .glue_7t       0x0000d058        0x0 c:/program files/asctec_arm_sdk/winarm/bin/../lib/gcc/arm-elf/4.1.1/../../../../arm-elf/lib/thumb/interwork\libc.a(fvwrite.o)
 .glue_7t       0x0000d058        0x0 c:/program files/asctec_arm_sdk/winarm/bin/../lib/gcc/arm-elf/4.1.1/../../../../arm-elf/lib/thumb/interwork\libc.a(fwalk.o)
 .glue_7t       0x0000d058        0x0 c:/program files/asctec_arm_sdk/winarm/bin/../lib/gcc/arm-elf/4.1.1/../../../../arm-elf/lib/thumb/interwork\libc.a(impure.o)
 .glue_7t       0x0000d058        0x0 c:/program files/asctec_arm_sdk/winarm/bin/../lib/gcc/arm-elf/4.1.1/../../../../arm-elf/lib/thumb/interwork\libc.a(locale.o)
 .glue_7t       0x0000d058        0x0 c:/program files/asctec_arm_sdk/winarm/bin/../lib/gcc/arm-elf/4.1.1/../../../../arm-elf/lib/thumb/interwork\libc.a(makebuf.o)
 .glue_7t       0x0000d058        0x0 c:/program files/asctec_arm_sdk/winarm/bin/../lib/gcc/arm-elf/4.1.1/../../../../arm-elf/lib/thumb/interwork\libc.a(mallocr.o)
 .glue_7t       0x0000d058        0x0 c:/program files/asctec_arm_sdk/winarm/bin/../lib/gcc/arm-elf/4.1.1/../../../../arm-elf/lib/thumb/interwork\libc.a(memchr.o)
 .glue_7t       0x0000d058        0x0 c:/program files/asctec_arm_sdk/winarm/bin/../lib/gcc/arm-elf/4.1.1/../../../../arm-elf/lib/thumb/interwork\libc.a(memcpy.o)
 .glue_7t       0x0000d058        0x0 c:/program files/asctec_arm_sdk/winarm/bin/../lib/gcc/arm-elf/4.1.1/../../../../arm-elf/lib/thumb/interwork\libc.a(memmove.o)
 .glue_7t       0x0000d058        0x0 c:/program files/asctec_arm_sdk/winarm/bin/../lib/gcc/arm-elf/4.1.1/../../../../arm-elf/lib/thumb/interwork\libc.a(memset.o)
 .glue_7t       0x0000d058        0x0 c:/program files/asctec_arm_sdk/winarm/bin/../lib/gcc/arm-elf/4.1.1/../../../../arm-elf/lib/thumb/interwork\libc.a(mlock.o)
 .glue_7t       0x0000d058        0x0 c:/program files/asctec_arm_sdk/winarm/bin/../lib/gcc/arm-elf/4.1.1/../../../../arm-elf/lib/thumb/interwork\libc.a(mprec.o)
 .glue_7t       0x0000d058        0x0 c:/program files/asctec_arm_sdk/winarm/bin/../lib/gcc/arm-elf/4.1.1/../../../../arm-elf/lib/thumb/interwork\libc.a(reallocr.o)
 .glue_7t       0x0000d058        0x0 c:/program files/asctec_arm_sdk/winarm/bin/../lib/gcc/arm-elf/4.1.1/../../../../arm-elf/lib/thumb/interwork\libc.a(s_isinf.o)
 .glue_7t       0x0000d058        0x0 c:/program files/asctec_arm_sdk/winarm/bin/../lib/gcc/arm-elf/4.1.1/../../../../arm-elf/lib/thumb/interwork\libc.a(s_isnan.o)
 .glue_7t       0x0000d058        0x0 c:/program files/asctec_arm_sdk/winarm/bin/../lib/gcc/arm-elf/4.1.1/../../../../arm-elf/lib/thumb/interwork\libc.a(stdio.o)
 .glue_7t       0x0000d058        0x0 c:/program files/asctec_arm_sdk/winarm/bin/../lib/gcc/arm-elf/4.1.1/../../../../arm-elf/lib/thumb/interwork\libc.a(strcmp.o)
 .glue_7t       0x0000d058        0x0 c:/program files/asctec_arm_sdk/winarm/bin/../lib/gcc/arm-elf/4.1.1/../../../../arm-elf/lib/thumb/interwork\libc.a(callocr.o)
 .glue_7t       0x0000d058        0x0 c:/program files/asctec_arm_sdk/winarm/bin/../lib/gcc/arm-elf/4.1.1/../../../../arm-elf/lib/thumb/interwork\libc.a(fclose.o)
 .glue_7t       0x0000d058        0x0 c:/program files/asctec_arm_sdk/winarm/bin/../lib/gcc/arm-elf/4.1.1/../../../../arm-elf/lib/thumb/interwork\libm.a(s_cos.o)
 .glue_7t       0x0000d058        0x0 c:/program files/asctec_arm_sdk/winarm/bin/../lib/gcc/arm-elf/4.1.1/../../../../arm-elf/lib/thumb/interwork\libm.a(s_sin.o)
 .glue_7t       0x0000d058        0x0 c:/program files/asctec_arm_sdk/winarm/bin/../lib/gcc/arm-elf/4.1.1/../../../../arm-elf/lib/thumb/interwork\libm.a(e_rem_pio2.o)
 .glue_7t       0x0000d058        0x0 c:/program files/asctec_arm_sdk/winarm/bin/../lib/gcc/arm-elf/4.1.1/../../../../arm-elf/lib/thumb/interwork\libm.a(k_cos.o)
 .glue_7t       0x0000d058        0x0 c:/program files/asctec_arm_sdk/winarm/bin/../lib/gcc/arm-elf/4.1.1/../../../../arm-elf/lib/thumb/interwork\libm.a(k_rem_pio2.o)
 .glue_7t       0x0000d058        0x0 c:/program files/asctec_arm_sdk/winarm/bin/../lib/gcc/arm-elf/4.1.1/../../../../arm-elf/lib/thumb/interwork\libm.a(k_sin.o)
 .glue_7t       0x0000d058        0x0 c:/program files/asctec_arm_sdk/winarm/bin/../lib/gcc/arm-elf/4.1.1/../../../../arm-elf/lib/thumb/interwork\libm.a(s_fabs.o)
 .glue_7t       0x0000d058        0x0 c:/program files/asctec_arm_sdk/winarm/bin/../lib/gcc/arm-elf/4.1.1/../../../../arm-elf/lib/thumb/interwork\libm.a(s_floor.o)
 .glue_7t       0x0000d058        0x0 c:/program files/asctec_arm_sdk/winarm/bin/../lib/gcc/arm-elf/4.1.1/../../../../arm-elf/lib/thumb/interwork\libm.a(s_scalbn.o)
 .glue_7t       0x0000d058        0x0 c:/program files/asctec_arm_sdk/winarm/bin/../lib/gcc/arm-elf/4.1.1/../../../../arm-elf/lib/thumb/interwork\libm.a(s_copysign.o)
 .glue_7t       0x0000d058        0x0 c:/program files/asctec_arm_sdk/winarm/bin/../lib/gcc/arm-elf/4.1.1/thumb/interwork\libgcc.a(_udivsi3.o)
 .glue_7t       0x0000d058        0x0 c:/program files/asctec_arm_sdk/winarm/bin/../lib/gcc/arm-elf/4.1.1/thumb/interwork\libgcc.a(_divsi3.o)
 .glue_7t       0x0000d058        0x0 c:/program files/asctec_arm_sdk/winarm/bin/../lib/gcc/arm-elf/4.1.1/thumb/interwork\libgcc.a(_umodsi3.o)
 .glue_7t       0x0000d058        0x0 c:/program files/asctec_arm_sdk/winarm/bin/../lib/gcc/arm-elf/4.1.1/thumb/interwork\libgcc.a(_modsi3.o)
 .glue_7t       0x0000d058        0x0 c:/program files/asctec_arm_sdk/winarm/bin/../lib/gcc/arm-elf/4.1.1/thumb/interwork\libgcc.a(_dvmd_tls.o)
 .glue_7t       0x0000d058        0x0 c:/program files/asctec_arm_sdk/winarm/bin/../lib/gcc/arm-elf/4.1.1/thumb/interwork\libgcc.a(_addsubdf3.o)
 .glue_7t       0x0000d058        0x0 c:/program files/asctec_arm_sdk/winarm/bin/../lib/gcc/arm-elf/4.1.1/thumb/interwork\libgcc.a(_muldivdf3.o)
 .glue_7t       0x0000d058        0x0 c:/program files/asctec_arm_sdk/winarm/bin/../lib/gcc/arm-elf/4.1.1/thumb/interwork\libgcc.a(_cmpdf2.o)
 .glue_7t       0x0000d058        0x0 c:/program files/asctec_arm_sdk/winarm/bin/../lib/gcc/arm-elf/4.1.1/thumb/interwork\libgcc.a(_fixdfsi.o)
 .glue_7t       0x0000d058        0x0 c:/program files/asctec_arm_sdk/winarm/bin/../lib/gcc/arm-elf/4.1.1/thumb/interwork\libgcc.a(_cmpdi2.o)
 .glue_7t       0x0000d058        0x0 c:/program files/asctec_arm_sdk/winarm/bin/../lib/gcc/arm-elf/4.1.1/thumb/interwork\libgcc.a(_fixdfdi.o)
 .glue_7t       0x0000d058        0x0 c:/program files/asctec_arm_sdk/winarm/bin/../lib/gcc/arm-elf/4.1.1/thumb/interwork\libgcc.a(_divdi3.o)
 .glue_7t       0x0000d058        0x0 c:/program files/asctec_arm_sdk/winarm/bin/../lib/gcc/arm-elf/4.1.1/thumb/interwork\libgcc.a(_fixunsdfdi.o)
 .glue_7t       0x0000d058        0x0 c:/program files/asctec_arm_sdk/winarm/bin/../lib/gcc/arm-elf/4.1.1/thumb/interwork\libgcc.a(_clz.o)
 .glue_7t       0x0000d058       0x98 c:/program files/asctec_arm_sdk/winarm/bin/../lib/gcc/arm-elf/4.1.1/thumb/interwork\libgcc.a(_fixunsdfsi.o)
                0x0000d0b4                ___sbrk_r_change_to_arm
                0x0000d0e0                ___read_r_from_thumb
                0x0000d0a0                ____gtdf2_from_thumb
                0x0000d080                ____subdf3_from_thumb
                0x0000d05c                ____ltdf2_change_to_arm
                0x0000d084                ____subdf3_change_to_arm
                0x0000d0ac                ____gedf2_change_to_arm
                0x0000d0b8                ___fstat_r_from_thumb
                0x0000d0c4                __isatty_change_to_arm
                0x0000d068                ____eqdf2_from_thumb
                0x0000d0cc                ___close_r_change_to_arm
                0x0000d0e4                ___read_r_change_to_arm
                0x0000d090                ____fixdfsi_from_thumb
                0x0000d09c                ____divdf3_change_to_arm
                0x0000d0a8                ____gedf2_from_thumb
                0x0000d0bc                ___fstat_r_change_to_arm
                0x0000d0e8                ____fixunsdfsi_from_thumb
                0x0000d08c                ____muldf3_change_to_arm
                0x0000d0d4                ___lseek_r_change_to_arm
                0x0000d094                ____fixdfsi_change_to_arm
                0x0000d098                ____divdf3_from_thumb
                0x0000d0ec                ____fixunsdfsi_change_to_arm
                0x0000d07c                ____adddf3_change_to_arm
                0x0000d0a4                ____gtdf2_change_to_arm
                0x0000d0dc                ___write_r_change_to_arm
                0x0000d0d0                ___lseek_r_from_thumb
                0x0000d070                ____floatsidf_from_thumb
                0x0000d058                ____ltdf2_from_thumb
                0x0000d064                ____nedf2_change_to_arm
                0x0000d078                ____adddf3_from_thumb
                0x0000d0c8                ___close_r_from_thumb
                0x0000d06c                ____eqdf2_change_to_arm
                0x0000d0b0                ___sbrk_r_from_thumb
                0x0000d088                ____muldf3_from_thumb
                0x0000d060                ____nedf2_from_thumb
                0x0000d0d8                ___write_r_from_thumb
                0x0000d074                ____floatsidf_change_to_arm
                0x0000d0c0                __isatty_from_thumb
 *(.gcc_except_table)
 *(.rodata)
 .rodata        0x0000d0f0       0x64 main.o
 .rodata        0x0000d154      0x105 uart.o
                0x0000d178                GPS_CFG_MSG
                0x0000d22a                GPS_CFG_RATE
                0x0000d1fc                GPS_CFG_NAV2
                0x0000d16e                GPS_CFG_ANT
                0x0000d244                GPS_CFG_CFG
                0x0000d154                GPS_CFG_PRT
                0x0000d236                GPS_CFG_SBAS
 *fill*         0x0000d259        0x3 00
 .rodata        0x0000d25c      0x184 c:/program files/asctec_arm_sdk/winarm/bin/../lib/gcc/arm-elf/4.1.1/../../../../arm-elf/lib/thumb/interwork\libc.a(vfprintf.o)
 .rodata        0x0000d3e0       0x18 c:/program files/asctec_arm_sdk/winarm/bin/../lib/gcc/arm-elf/4.1.1/../../../../arm-elf/lib/thumb/interwork\libc.a(dtoa.o)
 .rodata        0x0000d3f8        0x4 c:/program files/asctec_arm_sdk/winarm/bin/../lib/gcc/arm-elf/4.1.1/../../../../arm-elf/lib/thumb/interwork\libc.a(impure.o)
                0x0000d3f8                _global_impure_ptr
 .rodata        0x0000d3fc       0x34 c:/program files/asctec_arm_sdk/winarm/bin/../lib/gcc/arm-elf/4.1.1/../../../../arm-elf/lib/thumb/interwork\libc.a(locale.o)
 .rodata        0x0000d430      0x124 c:/program files/asctec_arm_sdk/winarm/bin/../lib/gcc/arm-elf/4.1.1/../../../../arm-elf/lib/thumb/interwork\libc.a(mprec.o)
                0x0000d520                __mprec_tinytens
                0x0000d430                __mprec_tens
                0x0000d4f8                __mprec_bigtens
 .rodata        0x0000d554      0x188 c:/program files/asctec_arm_sdk/winarm/bin/../lib/gcc/arm-elf/4.1.1/../../../../arm-elf/lib/thumb/interwork\libm.a(e_rem_pio2.o)
 .rodata        0x0000d6dc       0x50 c:/program files/asctec_arm_sdk/winarm/bin/../lib/gcc/arm-elf/4.1.1/../../../../arm-elf/lib/thumb/interwork\libm.a(k_rem_pio2.o)
 .rodata        0x0000d72c      0x100 c:/program files/asctec_arm_sdk/winarm/bin/../lib/gcc/arm-elf/4.1.1/thumb/interwork\libgcc.a(_clz.o)
                0x0000d72c                __clz_tab
 *(.rodata*)
 .rodata.str1.4
                0x0000d82c       0xa8 sdk.o
 .rodata.str1.4
                0x0000d8d4        0x2 c:/program files/asctec_arm_sdk/winarm/bin/../lib/gcc/arm-elf/4.1.1/../../../../arm-elf/lib/thumb/interwork\libc.a(puts.o)
                                  0x4 (size before relaxing)
 *fill*         0x0000d8d6        0x2 00
 .rodata.str1.4
                0x0000d8d8       0x63 c:/program files/asctec_arm_sdk/winarm/bin/../lib/gcc/arm-elf/4.1.1/../../../../arm-elf/lib/thumb/interwork\libc.a(vfprintf.o)
                                 0x64 (size before relaxing)
 *fill*         0x0000d93b        0x1 00
 .rodata.str1.4
                0x0000d93c       0x1e c:/program files/asctec_arm_sdk/winarm/bin/../lib/gcc/arm-elf/4.1.1/../../../../arm-elf/lib/thumb/interwork\libc.a(wctomb_r.o)
                                 0x20 (size before relaxing)
 *fill*         0x0000d95a        0x2 00
 .rodata.str1.4
                0x0000d95c       0x10 c:/program files/asctec_arm_sdk/winarm/bin/../lib/gcc/arm-elf/4.1.1/../../../../arm-elf/lib/thumb/interwork\libc.a(dtoa.o)
                                 0x14 (size before relaxing)
 .rodata.str1.4
                0x0000d96c        0x2 c:/program files/asctec_arm_sdk/winarm/bin/../lib/gcc/arm-elf/4.1.1/../../../../arm-elf/lib/thumb/interwork\libc.a(impure.o)
                                  0x4 (size before relaxing)
 *fill*         0x0000d96e        0x2 00
 .rodata.str1.4
                0x0000d970        0xc c:/program files/asctec_arm_sdk/winarm/bin/../lib/gcc/arm-elf/4.1.1/../../../../arm-elf/lib/thumb/interwork\libc.a(locale.o)
                                 0x18 (size before relaxing)
 *(.gnu.linkonce.r.*)
                0x0000d97c                . = ALIGN (0x4)
                0x0000d97c                . = ALIGN (0x4)

.ctors          0x0000d97c        0x0
                0x0000d97c                PROVIDE (__ctors_start__, .)
 *(SORT(.ctors.*))
 *(.ctors)
                0x0000d97c                . = ALIGN (0x4)
                0x0000d97c                PROVIDE (__ctors_end__, .)
                0x0000d97c                . = ALIGN (0x4)

.dtors          0x0000d97c        0x0
                0x0000d97c                PROVIDE (__dtors_start__, .)
 *(SORT(.dtors.*))
 *(.dtors)
                0x0000d97c                . = ALIGN (0x4)
                0x0000d97c                PROVIDE (__dtors_end__, .)
                0x0000d97c                . = ALIGN (0x4)
                0x0000d97c                . = ALIGN (0x4)
                0x0000d97c                _etext = .
                0x0000d97c                PROVIDE (etext, .)

.data           0x40000000      0x840 load address 0x0000d97c
                0x40000000                _data = .
 *(.vectmapped)
                0x40000000                . = ALIGN (0x4)
 *(.fastrun)
                0x40000000                . = ALIGN (0x4)
                0x40000000                . = ALIGN (0x4)
 *(.data)
 .data          0x40000000        0x0 Common_WinARM/src/Startup.o
 .data          0x40000000        0x0 Common_WinARM/src/swi_handler.o
 .data          0x40000000        0x0 LL_HL_comm.o
 .data          0x40000000        0x0 mymath.o
 .data          0x40000000        0x0 gpsmath.o
 .data          0x40000000        0x1 sdk.o
                0x40000000                firstTime
 *fill*         0x40000001        0x3 00
 .data          0x40000004        0xc main.o
                0x40000004                DataOutputsPerSecond
 .data          0x40000010        0x0 hardware.o
 .data          0x40000010        0x0 LPC2k_ee.o
 .data          0x40000010        0x0 system.o
 .data          0x40000010        0x7 uart.o
                0x40000014                stopstring
                0x40000011                startstring
                0x40000010                chksum_trigger
 .data          0x40000017        0x0 syscalls.o
 .data          0x40000017        0x0 i2c.o
 .data          0x40000017        0x0 Common_WinARM/src/irq.o
 .data          0x40000017        0x0 adc.o
 .data          0x40000017        0x3 ssp.o
                0x40000018                SSP_receiption_complete
                0x40000019                data_sent_to_HL
                0x40000017                data_sent_to_LL
 .data          0x4000001a        0x0 c:/program files/asctec_arm_sdk/winarm/bin/../lib/gcc/arm-elf/4.1.1/../../../../arm-elf/lib/thumb/interwork\libc.a(printf.o)
 .data          0x4000001a        0x0 c:/program files/asctec_arm_sdk/winarm/bin/../lib/gcc/arm-elf/4.1.1/../../../../arm-elf/lib/thumb/interwork\libc.a(puts.o)
 .data          0x4000001a        0x0 c:/program files/asctec_arm_sdk/winarm/bin/../lib/gcc/arm-elf/4.1.1/../../../../arm-elf/lib/thumb/interwork\libc.a(strlen.o)
 .data          0x4000001a        0x0 c:/program files/asctec_arm_sdk/winarm/bin/../lib/gcc/arm-elf/4.1.1/../../../../arm-elf/lib/thumb/interwork\libc.a(vfprintf.o)
 .data          0x4000001a        0x0 c:/program files/asctec_arm_sdk/winarm/bin/../lib/gcc/arm-elf/4.1.1/../../../../arm-elf/lib/thumb/interwork\libc.a(wcrtomb.o)
 .data          0x4000001a        0x0 c:/program files/asctec_arm_sdk/winarm/bin/../lib/gcc/arm-elf/4.1.1/../../../../arm-elf/lib/thumb/interwork\libc.a(wcsrtombs.o)
 .data          0x4000001a        0x0 c:/program files/asctec_arm_sdk/winarm/bin/../lib/gcc/arm-elf/4.1.1/../../../../arm-elf/lib/thumb/interwork\libc.a(wctomb_r.o)
 .data          0x4000001a        0x0 c:/program files/asctec_arm_sdk/winarm/bin/../lib/gcc/arm-elf/4.1.1/../../../../arm-elf/lib/thumb/interwork\libc.a(wsetup.o)
 .data          0x4000001a        0x0 c:/program files/asctec_arm_sdk/winarm/bin/../lib/gcc/arm-elf/4.1.1/../../../../arm-elf/lib/thumb/interwork\libc.a(dtoa.o)
 .data          0x4000001a        0x0 c:/program files/asctec_arm_sdk/winarm/bin/../lib/gcc/arm-elf/4.1.1/../../../../arm-elf/lib/thumb/interwork\libc.a(fflush.o)
 .data          0x4000001a        0x0 c:/program files/asctec_arm_sdk/winarm/bin/../lib/gcc/arm-elf/4.1.1/../../../../arm-elf/lib/thumb/interwork\libc.a(findfp.o)
 .data          0x4000001a        0x0 c:/program files/asctec_arm_sdk/winarm/bin/../lib/gcc/arm-elf/4.1.1/../../../../arm-elf/lib/thumb/interwork\libc.a(freer.o)
 .data          0x4000001a        0x0 c:/program files/asctec_arm_sdk/winarm/bin/../lib/gcc/arm-elf/4.1.1/../../../../arm-elf/lib/thumb/interwork\libc.a(fvwrite.o)
 .data          0x4000001a        0x0 c:/program files/asctec_arm_sdk/winarm/bin/../lib/gcc/arm-elf/4.1.1/../../../../arm-elf/lib/thumb/interwork\libc.a(fwalk.o)
 *fill*         0x4000001a        0x2 00
 .data          0x4000001c      0x404 c:/program files/asctec_arm_sdk/winarm/bin/../lib/gcc/arm-elf/4.1.1/../../../../arm-elf/lib/thumb/interwork\libc.a(impure.o)
                0x4000001c                _impure_ptr
 .data          0x40000420       0x10 c:/program files/asctec_arm_sdk/winarm/bin/../lib/gcc/arm-elf/4.1.1/../../../../arm-elf/lib/thumb/interwork\libc.a(locale.o)
                0x40000420                __mb_cur_max
                0x40000424                __lc_ctype
 .data          0x40000430        0x0 c:/program files/asctec_arm_sdk/winarm/bin/../lib/gcc/arm-elf/4.1.1/../../../../arm-elf/lib/thumb/interwork\libc.a(makebuf.o)
 .data          0x40000430      0x410 c:/program files/asctec_arm_sdk/winarm/bin/../lib/gcc/arm-elf/4.1.1/../../../../arm-elf/lib/thumb/interwork\libc.a(mallocr.o)
                0x4000083c                __malloc_sbrk_base
                0x40000430                __malloc_av_
                0x40000838                __malloc_trim_threshold
 .data          0x40000840        0x0 c:/program files/asctec_arm_sdk/winarm/bin/../lib/gcc/arm-elf/4.1.1/../../../../arm-elf/lib/thumb/interwork\libc.a(memchr.o)
 .data          0x40000840        0x0 c:/program files/asctec_arm_sdk/winarm/bin/../lib/gcc/arm-elf/4.1.1/../../../../arm-elf/lib/thumb/interwork\libc.a(memcpy.o)
 .data          0x40000840        0x0 c:/program files/asctec_arm_sdk/winarm/bin/../lib/gcc/arm-elf/4.1.1/../../../../arm-elf/lib/thumb/interwork\libc.a(memmove.o)
 .data          0x40000840        0x0 c:/program files/asctec_arm_sdk/winarm/bin/../lib/gcc/arm-elf/4.1.1/../../../../arm-elf/lib/thumb/interwork\libc.a(memset.o)
 .data          0x40000840        0x0 c:/program files/asctec_arm_sdk/winarm/bin/../lib/gcc/arm-elf/4.1.1/../../../../arm-elf/lib/thumb/interwork\libc.a(mlock.o)
 .data          0x40000840        0x0 c:/program files/asctec_arm_sdk/winarm/bin/../lib/gcc/arm-elf/4.1.1/../../../../arm-elf/lib/thumb/interwork\libc.a(mprec.o)
 .data          0x40000840        0x0 c:/program files/asctec_arm_sdk/winarm/bin/../lib/gcc/arm-elf/4.1.1/../../../../arm-elf/lib/thumb/interwork\libc.a(reallocr.o)
 .data          0x40000840        0x0 c:/program files/asctec_arm_sdk/winarm/bin/../lib/gcc/arm-elf/4.1.1/../../../../arm-elf/lib/thumb/interwork\libc.a(s_isinf.o)
 .data          0x40000840        0x0 c:/program files/asctec_arm_sdk/winarm/bin/../lib/gcc/arm-elf/4.1.1/../../../../arm-elf/lib/thumb/interwork\libc.a(s_isnan.o)
 .data          0x40000840        0x0 c:/program files/asctec_arm_sdk/winarm/bin/../lib/gcc/arm-elf/4.1.1/../../../../arm-elf/lib/thumb/interwork\libc.a(stdio.o)
 .data          0x40000840        0x0 c:/program files/asctec_arm_sdk/winarm/bin/../lib/gcc/arm-elf/4.1.1/../../../../arm-elf/lib/thumb/interwork\libc.a(strcmp.o)
 .data          0x40000840        0x0 c:/program files/asctec_arm_sdk/winarm/bin/../lib/gcc/arm-elf/4.1.1/../../../../arm-elf/lib/thumb/interwork\libc.a(callocr.o)
 .data          0x40000840        0x0 c:/program files/asctec_arm_sdk/winarm/bin/../lib/gcc/arm-elf/4.1.1/../../../../arm-elf/lib/thumb/interwork\libc.a(fclose.o)
 .data          0x40000840        0x0 c:/program files/asctec_arm_sdk/winarm/bin/../lib/gcc/arm-elf/4.1.1/../../../../arm-elf/lib/thumb/interwork\libm.a(s_cos.o)
 .data          0x40000840        0x0 c:/program files/asctec_arm_sdk/winarm/bin/../lib/gcc/arm-elf/4.1.1/../../../../arm-elf/lib/thumb/interwork\libm.a(s_sin.o)
 .data          0x40000840        0x0 c:/program files/asctec_arm_sdk/winarm/bin/../lib/gcc/arm-elf/4.1.1/../../../../arm-elf/lib/thumb/interwork\libm.a(e_rem_pio2.o)
 .data          0x40000840        0x0 c:/program files/asctec_arm_sdk/winarm/bin/../lib/gcc/arm-elf/4.1.1/../../../../arm-elf/lib/thumb/interwork\libm.a(k_cos.o)
 .data          0x40000840        0x0 c:/program files/asctec_arm_sdk/winarm/bin/../lib/gcc/arm-elf/4.1.1/../../../../arm-elf/lib/thumb/interwork\libm.a(k_rem_pio2.o)
 .data          0x40000840        0x0 c:/program files/asctec_arm_sdk/winarm/bin/../lib/gcc/arm-elf/4.1.1/../../../../arm-elf/lib/thumb/interwork\libm.a(k_sin.o)
 .data          0x40000840        0x0 c:/program files/asctec_arm_sdk/winarm/bin/../lib/gcc/arm-elf/4.1.1/../../../../arm-elf/lib/thumb/interwork\libm.a(s_fabs.o)
 .data          0x40000840        0x0 c:/program files/asctec_arm_sdk/winarm/bin/../lib/gcc/arm-elf/4.1.1/../../../../arm-elf/lib/thumb/interwork\libm.a(s_floor.o)
 .data          0x40000840        0x0 c:/program files/asctec_arm_sdk/winarm/bin/../lib/gcc/arm-elf/4.1.1/../../../../arm-elf/lib/thumb/interwork\libm.a(s_scalbn.o)
 .data          0x40000840        0x0 c:/program files/asctec_arm_sdk/winarm/bin/../lib/gcc/arm-elf/4.1.1/../../../../arm-elf/lib/thumb/interwork\libm.a(s_copysign.o)
 .data          0x40000840        0x0 c:/program files/asctec_arm_sdk/winarm/bin/../lib/gcc/arm-elf/4.1.1/thumb/interwork\libgcc.a(_udivsi3.o)
 .data          0x40000840        0x0 c:/program files/asctec_arm_sdk/winarm/bin/../lib/gcc/arm-elf/4.1.1/thumb/interwork\libgcc.a(_divsi3.o)
 .data          0x40000840        0x0 c:/program files/asctec_arm_sdk/winarm/bin/../lib/gcc/arm-elf/4.1.1/thumb/interwork\libgcc.a(_umodsi3.o)
 .data          0x40000840        0x0 c:/program files/asctec_arm_sdk/winarm/bin/../lib/gcc/arm-elf/4.1.1/thumb/interwork\libgcc.a(_modsi3.o)
 .data          0x40000840        0x0 c:/program files/asctec_arm_sdk/winarm/bin/../lib/gcc/arm-elf/4.1.1/thumb/interwork\libgcc.a(_dvmd_tls.o)
 .data          0x40000840        0x0 c:/program files/asctec_arm_sdk/winarm/bin/../lib/gcc/arm-elf/4.1.1/thumb/interwork\libgcc.a(_addsubdf3.o)
 .data          0x40000840        0x0 c:/program files/asctec_arm_sdk/winarm/bin/../lib/gcc/arm-elf/4.1.1/thumb/interwork\libgcc.a(_muldivdf3.o)
 .data          0x40000840        0x0 c:/program files/asctec_arm_sdk/winarm/bin/../lib/gcc/arm-elf/4.1.1/thumb/interwork\libgcc.a(_cmpdf2.o)
 .data          0x40000840        0x0 c:/program files/asctec_arm_sdk/winarm/bin/../lib/gcc/arm-elf/4.1.1/thumb/interwork\libgcc.a(_fixdfsi.o)
 .data          0x40000840        0x0 c:/program files/asctec_arm_sdk/winarm/bin/../lib/gcc/arm-elf/4.1.1/thumb/interwork\libgcc.a(_cmpdi2.o)
 .data          0x40000840        0x0 c:/program files/asctec_arm_sdk/winarm/bin/../lib/gcc/arm-elf/4.1.1/thumb/interwork\libgcc.a(_fixdfdi.o)
 .data          0x40000840        0x0 c:/program files/asctec_arm_sdk/winarm/bin/../lib/gcc/arm-elf/4.1.1/thumb/interwork\libgcc.a(_divdi3.o)
 .data          0x40000840        0x0 c:/program files/asctec_arm_sdk/winarm/bin/../lib/gcc/arm-elf/4.1.1/thumb/interwork\libgcc.a(_fixunsdfdi.o)
 .data          0x40000840        0x0 c:/program files/asctec_arm_sdk/winarm/bin/../lib/gcc/arm-elf/4.1.1/thumb/interwork\libgcc.a(_clz.o)
 .data          0x40000840        0x0 c:/program files/asctec_arm_sdk/winarm/bin/../lib/gcc/arm-elf/4.1.1/thumb/interwork\libgcc.a(_fixunsdfsi.o)
 *(.data.*)
 *(.gnu.linkonce.d*)
                0x40000840                . = ALIGN (0x4)
                0x40000840                . = ALIGN (0x4)
                0x40000840                _edata = .
                0x40000840                PROVIDE (edata, .)

.bss            0x40000840      0x944
                0x40000840                __bss_start = .
                0x40000840                __bss_start__ = .
 *(.bss)
 .bss           0x40000840        0x0 Common_WinARM/src/Startup.o
 .bss           0x40000840        0x0 Common_WinARM/src/swi_handler.o
 .bss           0x40000840       0x10 LL_HL_comm.o
                0x40000840                SSP_ack
 .bss           0x40000850        0x0 mymath.o
 .bss           0x40000850        0x4 gpsmath.o
                0x40000850                gpsDataOkTrigger
 .bss           0x40000854       0x20 sdk.o
                0x40000861                ctrlEnabled
                0x4000085e                byteIndex
                0x4000086c                y_vel
                0x4000085c                packetSize
                0x40000854                timeCount
                0x40000864                x_vel
                0x40000858                controlState
                0x4000085a                verboseMode
                0x40000862                ch
                0x40000860                ctrlMode
 .bss           0x40000874       0x38 main.o
                0x40000884                GPS_timeout
                0x40000878                cnt
                0x4000087c                mainloop_cnt
                0x40000898                numTimer0Ints
                0x4000088c                logs_per_second
                0x40000874                int_cnt
                0x40000890                total_logs_per_second
                0x40000894                packets
                0x40000888                trigger_cnt
                0x40000880                mainloop_trigger
 .bss           0x400008ac        0x0 hardware.o
 .bss           0x400008ac        0x0 LPC2k_ee.o
 .bss           0x400008ac        0x0 system.o
 .bss           0x400008ac      0x378 uart.o
                0x400008b3                UART1_syncstate
                0x400008b1                baudrate1_change
                0x400008ae                transmission_running
                0x400008b0                trigger_transmission
                0x400008b8                UART1_rxcount
                0x400008ac                data_requested
                0x400008ad                chksum_to_check
                0x400008b4                UART_rxcount
                0x400008b2                UART_syncstate
                0x400008af                transmission1_running
                0x400008bc                UART_CalibDoneFlag
 .bss           0x40000c24        0x4 syscalls.o
 .bss           0x40000c28       0x14 i2c.o
                0x40000c34                RdIndex
                0x40000c28                I2CMasterState
                0x40000c2c                I2CSlaveState
                0x40000c30                I2CCount
                0x40000c38                WrIndex
 .bss           0x40000c3c        0x0 Common_WinARM/src/irq.o
 .bss           0x40000c3c        0x8 adc.o
                0x40000c40                ADC1IntDone
                0x40000c3c                ADC0IntDone
 .bss           0x40000c44       0x10 ssp.o
                0x40000c44                SSP_trans_cnt
                0x40000c48                IMU_CalcData_updated
 .bss           0x40000c54        0x0 c:/program files/asctec_arm_sdk/winarm/bin/../lib/gcc/arm-elf/4.1.1/../../../../arm-elf/lib/thumb/interwork\libc.a(printf.o)
 .bss           0x40000c54        0x0 c:/program files/asctec_arm_sdk/winarm/bin/../lib/gcc/arm-elf/4.1.1/../../../../arm-elf/lib/thumb/interwork\libc.a(puts.o)
 .bss           0x40000c54        0x0 c:/program files/asctec_arm_sdk/winarm/bin/../lib/gcc/arm-elf/4.1.1/../../../../arm-elf/lib/thumb/interwork\libc.a(strlen.o)
 .bss           0x40000c54        0x0 c:/program files/asctec_arm_sdk/winarm/bin/../lib/gcc/arm-elf/4.1.1/../../../../arm-elf/lib/thumb/interwork\libc.a(vfprintf.o)
 .bss           0x40000c54        0x0 c:/program files/asctec_arm_sdk/winarm/bin/../lib/gcc/arm-elf/4.1.1/../../../../arm-elf/lib/thumb/interwork\libc.a(wcrtomb.o)
 .bss           0x40000c54        0x0 c:/program files/asctec_arm_sdk/winarm/bin/../lib/gcc/arm-elf/4.1.1/../../../../arm-elf/lib/thumb/interwork\libc.a(wcsrtombs.o)
 .bss           0x40000c54        0x0 c:/program files/asctec_arm_sdk/winarm/bin/../lib/gcc/arm-elf/4.1.1/../../../../arm-elf/lib/thumb/interwork\libc.a(wctomb_r.o)
 .bss           0x40000c54        0x0 c:/program files/asctec_arm_sdk/winarm/bin/../lib/gcc/arm-elf/4.1.1/../../../../arm-elf/lib/thumb/interwork\libc.a(wsetup.o)
 .bss           0x40000c54        0x0 c:/program files/asctec_arm_sdk/winarm/bin/../lib/gcc/arm-elf/4.1.1/../../../../arm-elf/lib/thumb/interwork\libc.a(dtoa.o)
 .bss           0x40000c54        0x0 c:/program files/asctec_arm_sdk/winarm/bin/../lib/gcc/arm-elf/4.1.1/../../../../arm-elf/lib/thumb/interwork\libc.a(fflush.o)
 .bss           0x40000c54        0x0 c:/program files/asctec_arm_sdk/winarm/bin/../lib/gcc/arm-elf/4.1.1/../../../../arm-elf/lib/thumb/interwork\libc.a(findfp.o)
 .bss           0x40000c54        0x0 c:/program files/asctec_arm_sdk/winarm/bin/../lib/gcc/arm-elf/4.1.1/../../../../arm-elf/lib/thumb/interwork\libc.a(freer.o)
 .bss           0x40000c54        0x0 c:/program files/asctec_arm_sdk/winarm/bin/../lib/gcc/arm-elf/4.1.1/../../../../arm-elf/lib/thumb/interwork\libc.a(fvwrite.o)
 .bss           0x40000c54        0x0 c:/program files/asctec_arm_sdk/winarm/bin/../lib/gcc/arm-elf/4.1.1/../../../../arm-elf/lib/thumb/interwork\libc.a(fwalk.o)
 .bss           0x40000c54        0x0 c:/program files/asctec_arm_sdk/winarm/bin/../lib/gcc/arm-elf/4.1.1/../../../../arm-elf/lib/thumb/interwork\libc.a(impure.o)
 .bss           0x40000c54        0xc c:/program files/asctec_arm_sdk/winarm/bin/../lib/gcc/arm-elf/4.1.1/../../../../arm-elf/lib/thumb/interwork\libc.a(locale.o)
                0x40000c54                __nlocale_changed
                0x40000c58                __mlocale_changed
                0x40000c5c                _PathLocale
 .bss           0x40000c60        0x0 c:/program files/asctec_arm_sdk/winarm/bin/../lib/gcc/arm-elf/4.1.1/../../../../arm-elf/lib/thumb/interwork\libc.a(makebuf.o)
 .bss           0x40000c60       0x34 c:/program files/asctec_arm_sdk/winarm/bin/../lib/gcc/arm-elf/4.1.1/../../../../arm-elf/lib/thumb/interwork\libc.a(mallocr.o)
                0x40000c60                __malloc_top_pad
                0x40000c64                __malloc_max_sbrked_mem
                0x40000c6c                __malloc_current_mallinfo
                0x40000c68                __malloc_max_total_mem
 .bss           0x40000c94        0x0 c:/program files/asctec_arm_sdk/winarm/bin/../lib/gcc/arm-elf/4.1.1/../../../../arm-elf/lib/thumb/interwork\libc.a(memchr.o)
 .bss           0x40000c94        0x0 c:/program files/asctec_arm_sdk/winarm/bin/../lib/gcc/arm-elf/4.1.1/../../../../arm-elf/lib/thumb/interwork\libc.a(memcpy.o)
 .bss           0x40000c94        0x0 c:/program files/asctec_arm_sdk/winarm/bin/../lib/gcc/arm-elf/4.1.1/../../../../arm-elf/lib/thumb/interwork\libc.a(memmove.o)
 .bss           0x40000c94        0x0 c:/program files/asctec_arm_sdk/winarm/bin/../lib/gcc/arm-elf/4.1.1/../../../../arm-elf/lib/thumb/interwork\libc.a(memset.o)
 .bss           0x40000c94        0x0 c:/program files/asctec_arm_sdk/winarm/bin/../lib/gcc/arm-elf/4.1.1/../../../../arm-elf/lib/thumb/interwork\libc.a(mlock.o)
 .bss           0x40000c94        0x0 c:/program files/asctec_arm_sdk/winarm/bin/../lib/gcc/arm-elf/4.1.1/../../../../arm-elf/lib/thumb/interwork\libc.a(mprec.o)
 .bss           0x40000c94        0x0 c:/program files/asctec_arm_sdk/winarm/bin/../lib/gcc/arm-elf/4.1.1/../../../../arm-elf/lib/thumb/interwork\libc.a(reallocr.o)
 .bss           0x40000c94        0x0 c:/program files/asctec_arm_sdk/winarm/bin/../lib/gcc/arm-elf/4.1.1/../../../../arm-elf/lib/thumb/interwork\libc.a(s_isinf.o)
 .bss           0x40000c94        0x0 c:/program files/asctec_arm_sdk/winarm/bin/../lib/gcc/arm-elf/4.1.1/../../../../arm-elf/lib/thumb/interwork\libc.a(s_isnan.o)
 .bss           0x40000c94        0x0 c:/program files/asctec_arm_sdk/winarm/bin/../lib/gcc/arm-elf/4.1.1/../../../../arm-elf/lib/thumb/interwork\libc.a(stdio.o)
 .bss           0x40000c94        0x0 c:/program files/asctec_arm_sdk/winarm/bin/../lib/gcc/arm-elf/4.1.1/../../../../arm-elf/lib/thumb/interwork\libc.a(strcmp.o)
 .bss           0x40000c94        0x0 c:/program files/asctec_arm_sdk/winarm/bin/../lib/gcc/arm-elf/4.1.1/../../../../arm-elf/lib/thumb/interwork\libc.a(callocr.o)
 .bss           0x40000c94        0x0 c:/program files/asctec_arm_sdk/winarm/bin/../lib/gcc/arm-elf/4.1.1/../../../../arm-elf/lib/thumb/interwork\libc.a(fclose.o)
 .bss           0x40000c94        0x0 c:/program files/asctec_arm_sdk/winarm/bin/../lib/gcc/arm-elf/4.1.1/../../../../arm-elf/lib/thumb/interwork\libm.a(s_cos.o)
 .bss           0x40000c94        0x0 c:/program files/asctec_arm_sdk/winarm/bin/../lib/gcc/arm-elf/4.1.1/../../../../arm-elf/lib/thumb/interwork\libm.a(s_sin.o)
 .bss           0x40000c94        0x0 c:/program files/asctec_arm_sdk/winarm/bin/../lib/gcc/arm-elf/4.1.1/../../../../arm-elf/lib/thumb/interwork\libm.a(e_rem_pio2.o)
 .bss           0x40000c94        0x0 c:/program files/asctec_arm_sdk/winarm/bin/../lib/gcc/arm-elf/4.1.1/../../../../arm-elf/lib/thumb/interwork\libm.a(k_cos.o)
 .bss           0x40000c94        0x0 c:/program files/asctec_arm_sdk/winarm/bin/../lib/gcc/arm-elf/4.1.1/../../../../arm-elf/lib/thumb/interwork\libm.a(k_rem_pio2.o)
 .bss           0x40000c94        0x0 c:/program files/asctec_arm_sdk/winarm/bin/../lib/gcc/arm-elf/4.1.1/../../../../arm-elf/lib/thumb/interwork\libm.a(k_sin.o)
 .bss           0x40000c94        0x0 c:/program files/asctec_arm_sdk/winarm/bin/../lib/gcc/arm-elf/4.1.1/../../../../arm-elf/lib/thumb/interwork\libm.a(s_fabs.o)
 .bss           0x40000c94        0x0 c:/program files/asctec_arm_sdk/winarm/bin/../lib/gcc/arm-elf/4.1.1/../../../../arm-elf/lib/thumb/interwork\libm.a(s_floor.o)
 .bss           0x40000c94        0x0 c:/program files/asctec_arm_sdk/winarm/bin/../lib/gcc/arm-elf/4.1.1/../../../../arm-elf/lib/thumb/interwork\libm.a(s_scalbn.o)
 .bss           0x40000c94        0x0 c:/program files/asctec_arm_sdk/winarm/bin/../lib/gcc/arm-elf/4.1.1/../../../../arm-elf/lib/thumb/interwork\libm.a(s_copysign.o)
 .bss           0x40000c94        0x0 c:/program files/asctec_arm_sdk/winarm/bin/../lib/gcc/arm-elf/4.1.1/thumb/interwork\libgcc.a(_udivsi3.o)
 .bss           0x40000c94        0x0 c:/program files/asctec_arm_sdk/winarm/bin/../lib/gcc/arm-elf/4.1.1/thumb/interwork\libgcc.a(_divsi3.o)
 .bss           0x40000c94        0x0 c:/program files/asctec_arm_sdk/winarm/bin/../lib/gcc/arm-elf/4.1.1/thumb/interwork\libgcc.a(_umodsi3.o)
 .bss           0x40000c94        0x0 c:/program files/asctec_arm_sdk/winarm/bin/../lib/gcc/arm-elf/4.1.1/thumb/interwork\libgcc.a(_modsi3.o)
 .bss           0x40000c94        0x0 c:/program files/asctec_arm_sdk/winarm/bin/../lib/gcc/arm-elf/4.1.1/thumb/interwork\libgcc.a(_dvmd_tls.o)
 .bss           0x40000c94        0x0 c:/program files/asctec_arm_sdk/winarm/bin/../lib/gcc/arm-elf/4.1.1/thumb/interwork\libgcc.a(_addsubdf3.o)
 .bss           0x40000c94        0x0 c:/program files/asctec_arm_sdk/winarm/bin/../lib/gcc/arm-elf/4.1.1/thumb/interwork\libgcc.a(_muldivdf3.o)
 .bss           0x40000c94        0x0 c:/program files/asctec_arm_sdk/winarm/bin/../lib/gcc/arm-elf/4.1.1/thumb/interwork\libgcc.a(_cmpdf2.o)
 .bss           0x40000c94        0x0 c:/program files/asctec_arm_sdk/winarm/bin/../lib/gcc/arm-elf/4.1.1/thumb/interwork\libgcc.a(_fixdfsi.o)
 .bss           0x40000c94        0x0 c:/program files/asctec_arm_sdk/winarm/bin/../lib/gcc/arm-elf/4.1.1/thumb/interwork\libgcc.a(_cmpdi2.o)
 .bss           0x40000c94        0x0 c:/program files/asctec_arm_sdk/winarm/bin/../lib/gcc/arm-elf/4.1.1/thumb/interwork\libgcc.a(_fixdfdi.o)
 .bss           0x40000c94        0x0 c:/program files/asctec_arm_sdk/winarm/bin/../lib/gcc/arm-elf/4.1.1/thumb/interwork\libgcc.a(_divdi3.o)
 .bss           0x40000c94        0x0 c:/program files/asctec_arm_sdk/winarm/bin/../lib/gcc/arm-elf/4.1.1/thumb/interwork\libgcc.a(_fixunsdfdi.o)
 .bss           0x40000c94        0x0 c:/program files/asctec_arm_sdk/winarm/bin/../lib/gcc/arm-elf/4.1.1/thumb/interwork\libgcc.a(_clz.o)
 .bss           0x40000c94        0x0 c:/program files/asctec_arm_sdk/winarm/bin/../lib/gcc/arm-elf/4.1.1/thumb/interwork\libgcc.a(_fixunsdfsi.o)
 *(.gnu.linkonce.b*)
 *(COMMON)
 COMMON         0x40000c94      0x198 LL_HL_comm.o
                0x40000c94                LL_1khz_attitude_data
                0x40000cf0                HLC_buffer
                0x40000df0                GPS_init_status
                0x40000df4                LL_1khz_control_input
 COMMON         0x40000e2c       0x58 gpsmath.o
                0x40000e2c                GPS_Data
                0x40000e58                gps_data_temp
 COMMON         0x40000e84       0x2e sdk.o
                0x40000e84                WO_CTRL_Input
                0x40000e90                lastTicks
                0x40000e94                WO_Direct_Motor_Control
                0x40000e98                lastAccelX
                0x40000e9c                WO_SDK
                0x40000ea0                RO_RC_Data
                0x40000eb0                lastAccelY
 *fill*         0x40000eb2        0x2 00
 COMMON         0x40000eb4      0x110 main.o
                0x40000eb4                GPS_Time
                0x40000ebc                IMU_CalcData
                0x40000f18                IMU_RawData
                0x40000f34                SYSTEM_Permanent_Data
                0x40000f48                packetsTemp
                0x40000f4c                HL_Status
                0x40000f64                uart_cnt
                0x40000f68                IMU_CalcData_tmp
 COMMON         0x40000fc4        0x4 LPC2k_ee.o
                0x40000fc4                iap_entry
 COMMON         0x40000fc8       0x20 uart.o
                0x40000fc8                UART_rxptr
                0x40000fcc                send_buffer
                0x40000fdc                current_chksum
                0x40000fe0                tx_buff
                0x40000fe4                UART1_rxptr
 COMMON         0x40000fe8       0x50 i2c.o
                0x40000fe8                I2CReadLength
                0x40000fec                I2CSlaveBuffer
                0x4000100c                I2CMode
                0x40001010                I2CMasterBuffer
                0x40001030                I2CCmd
                0x40001034                I2CWriteLength
 COMMON         0x40001038       0x40 adc.o
                0x40001038                ADC0Value
                0x40001058                ADC1Value
 COMMON         0x40001078      0x10c ssp.o
                0x40001078                CurrentRxIndex
                0x4000107c                SPIWR_num_bytes
                0x40001080                CurrentTxIndex
                0x40001084                SPIWRData
                0x40001104                SPIRDData
                0x40001184                . = ALIGN (0x4)
                0x40001184                . = ALIGN (0x4)
                0x40001184                __bss_end__ = .
                0x40001184                PROVIDE (__bss_end, .)

.stack          0x40001200     0x1980
 *(.stack)
 .stack         0x40001200     0x1980 Common_WinARM/src/Startup.o
                0x40002b80                PROVIDE (_stack, .)
                0x40002b80                . = ALIGN (0x4)
                0x40002b80                _end = .
                0x40002b80                PROVIDE (end, .)

.stab
 *(.stab)

.stabstr
 *(.stabstr)

.stab.excl
 *(.stab.excl)

.stab.exclstr
 *(.stab.exclstr)

.stab.index
 *(.stab.index)

.stab.indexstr
 *(.stab.indexstr)

.comment        0x00000000      0x654
 *(.comment)
 .comment       0x00000000       0x1b LL_HL_comm.o
 .comment       0x0000001b       0x1b mymath.o
 .comment       0x00000036       0x1b gpsmath.o
 .comment       0x00000051       0x1b sdk.o
 .comment       0x0000006c       0x1b main.o
 .comment       0x00000087       0x1b hardware.o
 .comment       0x000000a2       0x1b LPC2k_ee.o
 .comment       0x000000bd       0x1b system.o
 .comment       0x000000d8       0x1b uart.o
 .comment       0x000000f3       0x1b syscalls.o
 .comment       0x0000010e       0x1b i2c.o
 .comment       0x00000129       0x1b Common_WinARM/src/irq.o
 .comment       0x00000144       0x1b adc.o
 .comment       0x0000015f       0x1b ssp.o
 .comment       0x0000017a       0x1b c:/program files/asctec_arm_sdk/winarm/bin/../lib/gcc/arm-elf/4.1.1/../../../../arm-elf/lib/thumb/interwork\libc.a(printf.o)
 .comment       0x00000195       0x1b c:/program files/asctec_arm_sdk/winarm/bin/../lib/gcc/arm-elf/4.1.1/../../../../arm-elf/lib/thumb/interwork\libc.a(puts.o)
 .comment       0x000001b0       0x1b c:/program files/asctec_arm_sdk/winarm/bin/../lib/gcc/arm-elf/4.1.1/../../../../arm-elf/lib/thumb/interwork\libc.a(strlen.o)
 .comment       0x000001cb       0x1b c:/program files/asctec_arm_sdk/winarm/bin/../lib/gcc/arm-elf/4.1.1/../../../../arm-elf/lib/thumb/interwork\libc.a(vfprintf.o)
 .comment       0x000001e6       0x1b c:/program files/asctec_arm_sdk/winarm/bin/../lib/gcc/arm-elf/4.1.1/../../../../arm-elf/lib/thumb/interwork\libc.a(wcrtomb.o)
 .comment       0x00000201       0x1b c:/program files/asctec_arm_sdk/winarm/bin/../lib/gcc/arm-elf/4.1.1/../../../../arm-elf/lib/thumb/interwork\libc.a(wcsrtombs.o)
 .comment       0x0000021c       0x1b c:/program files/asctec_arm_sdk/winarm/bin/../lib/gcc/arm-elf/4.1.1/../../../../arm-elf/lib/thumb/interwork\libc.a(wctomb_r.o)
 .comment       0x00000237       0x1b c:/program files/asctec_arm_sdk/winarm/bin/../lib/gcc/arm-elf/4.1.1/../../../../arm-elf/lib/thumb/interwork\libc.a(wsetup.o)
 .comment       0x00000252       0x1b c:/program files/asctec_arm_sdk/winarm/bin/../lib/gcc/arm-elf/4.1.1/../../../../arm-elf/lib/thumb/interwork\libc.a(dtoa.o)
 .comment       0x0000026d       0x1b c:/program files/asctec_arm_sdk/winarm/bin/../lib/gcc/arm-elf/4.1.1/../../../../arm-elf/lib/thumb/interwork\libc.a(fflush.o)
 .comment       0x00000288       0x1b c:/program files/asctec_arm_sdk/winarm/bin/../lib/gcc/arm-elf/4.1.1/../../../../arm-elf/lib/thumb/interwork\libc.a(findfp.o)
 .comment       0x000002a3       0x1b c:/program files/asctec_arm_sdk/winarm/bin/../lib/gcc/arm-elf/4.1.1/../../../../arm-elf/lib/thumb/interwork\libc.a(freer.o)
 .comment       0x000002be       0x1b c:/program files/asctec_arm_sdk/winarm/bin/../lib/gcc/arm-elf/4.1.1/../../../../arm-elf/lib/thumb/interwork\libc.a(fvwrite.o)
 .comment       0x000002d9       0x1b c:/program files/asctec_arm_sdk/winarm/bin/../lib/gcc/arm-elf/4.1.1/../../../../arm-elf/lib/thumb/interwork\libc.a(fwalk.o)
 .comment       0x000002f4       0x1b c:/program files/asctec_arm_sdk/winarm/bin/../lib/gcc/arm-elf/4.1.1/../../../../arm-elf/lib/thumb/interwork\libc.a(impure.o)
 .comment       0x0000030f       0x1b c:/program files/asctec_arm_sdk/winarm/bin/../lib/gcc/arm-elf/4.1.1/../../../../arm-elf/lib/thumb/interwork\libc.a(locale.o)
 .comment       0x0000032a       0x1b c:/program files/asctec_arm_sdk/winarm/bin/../lib/gcc/arm-elf/4.1.1/../../../../arm-elf/lib/thumb/interwork\libc.a(makebuf.o)
 .comment       0x00000345       0x1b c:/program files/asctec_arm_sdk/winarm/bin/../lib/gcc/arm-elf/4.1.1/../../../../arm-elf/lib/thumb/interwork\libc.a(mallocr.o)
 .comment       0x00000360       0x1b c:/program files/asctec_arm_sdk/winarm/bin/../lib/gcc/arm-elf/4.1.1/../../../../arm-elf/lib/thumb/interwork\libc.a(memchr.o)
 .comment       0x0000037b       0x1b c:/program files/asctec_arm_sdk/winarm/bin/../lib/gcc/arm-elf/4.1.1/../../../../arm-elf/lib/thumb/interwork\libc.a(memcpy.o)
 .comment       0x00000396       0x1b c:/program files/asctec_arm_sdk/winarm/bin/../lib/gcc/arm-elf/4.1.1/../../../../arm-elf/lib/thumb/interwork\libc.a(memmove.o)
 .comment       0x000003b1       0x1b c:/program files/asctec_arm_sdk/winarm/bin/../lib/gcc/arm-elf/4.1.1/../../../../arm-elf/lib/thumb/interwork\libc.a(memset.o)
 .comment       0x000003cc       0x1b c:/program files/asctec_arm_sdk/winarm/bin/../lib/gcc/arm-elf/4.1.1/../../../../arm-elf/lib/thumb/interwork\libc.a(mlock.o)
 .comment       0x000003e7       0x1b c:/program files/asctec_arm_sdk/winarm/bin/../lib/gcc/arm-elf/4.1.1/../../../../arm-elf/lib/thumb/interwork\libc.a(mprec.o)
 .comment       0x00000402       0x1b c:/program files/asctec_arm_sdk/winarm/bin/../lib/gcc/arm-elf/4.1.1/../../../../arm-elf/lib/thumb/interwork\libc.a(reallocr.o)
 .comment       0x0000041d       0x1b c:/program files/asctec_arm_sdk/winarm/bin/../lib/gcc/arm-elf/4.1.1/../../../../arm-elf/lib/thumb/interwork\libc.a(s_isinf.o)
 .comment       0x00000438       0x1b c:/program files/asctec_arm_sdk/winarm/bin/../lib/gcc/arm-elf/4.1.1/../../../../arm-elf/lib/thumb/interwork\libc.a(s_isnan.o)
 .comment       0x00000453       0x1b c:/program files/asctec_arm_sdk/winarm/bin/../lib/gcc/arm-elf/4.1.1/../../../../arm-elf/lib/thumb/interwork\libc.a(stdio.o)
 .comment       0x0000046e       0x1b c:/program files/asctec_arm_sdk/winarm/bin/../lib/gcc/arm-elf/4.1.1/../../../../arm-elf/lib/thumb/interwork\libc.a(strcmp.o)
 .comment       0x00000489       0x1b c:/program files/asctec_arm_sdk/winarm/bin/../lib/gcc/arm-elf/4.1.1/../../../../arm-elf/lib/thumb/interwork\libc.a(callocr.o)
 .comment       0x000004a4       0x1b c:/program files/asctec_arm_sdk/winarm/bin/../lib/gcc/arm-elf/4.1.1/../../../../arm-elf/lib/thumb/interwork\libc.a(fclose.o)
 .comment       0x000004bf       0x1b c:/program files/asctec_arm_sdk/winarm/bin/../lib/gcc/arm-elf/4.1.1/../../../../arm-elf/lib/thumb/interwork\libm.a(s_cos.o)
 .comment       0x000004da       0x1b c:/program files/asctec_arm_sdk/winarm/bin/../lib/gcc/arm-elf/4.1.1/../../../../arm-elf/lib/thumb/interwork\libm.a(s_sin.o)
 .comment       0x000004f5       0x1b c:/program files/asctec_arm_sdk/winarm/bin/../lib/gcc/arm-elf/4.1.1/../../../../arm-elf/lib/thumb/interwork\libm.a(e_rem_pio2.o)
 .comment       0x00000510       0x1b c:/program files/asctec_arm_sdk/winarm/bin/../lib/gcc/arm-elf/4.1.1/../../../../arm-elf/lib/thumb/interwork\libm.a(k_cos.o)
 .comment       0x0000052b       0x1b c:/program files/asctec_arm_sdk/winarm/bin/../lib/gcc/arm-elf/4.1.1/../../../../arm-elf/lib/thumb/interwork\libm.a(k_rem_pio2.o)
 .comment       0x00000546       0x1b c:/program files/asctec_arm_sdk/winarm/bin/../lib/gcc/arm-elf/4.1.1/../../../../arm-elf/lib/thumb/interwork\libm.a(k_sin.o)
 .comment       0x00000561       0x1b c:/program files/asctec_arm_sdk/winarm/bin/../lib/gcc/arm-elf/4.1.1/../../../../arm-elf/lib/thumb/interwork\libm.a(s_fabs.o)
 .comment       0x0000057c       0x1b c:/program files/asctec_arm_sdk/winarm/bin/../lib/gcc/arm-elf/4.1.1/../../../../arm-elf/lib/thumb/interwork\libm.a(s_floor.o)
 .comment       0x00000597       0x1b c:/program files/asctec_arm_sdk/winarm/bin/../lib/gcc/arm-elf/4.1.1/../../../../arm-elf/lib/thumb/interwork\libm.a(s_scalbn.o)
 .comment       0x000005b2       0x1b c:/program files/asctec_arm_sdk/winarm/bin/../lib/gcc/arm-elf/4.1.1/../../../../arm-elf/lib/thumb/interwork\libm.a(s_copysign.o)
 .comment       0x000005cd       0x1b c:/program files/asctec_arm_sdk/winarm/bin/../lib/gcc/arm-elf/4.1.1/thumb/interwork\libgcc.a(_cmpdi2.o)
 .comment       0x000005e8       0x1b c:/program files/asctec_arm_sdk/winarm/bin/../lib/gcc/arm-elf/4.1.1/thumb/interwork\libgcc.a(_fixdfdi.o)
 .comment       0x00000603       0x1b c:/program files/asctec_arm_sdk/winarm/bin/../lib/gcc/arm-elf/4.1.1/thumb/interwork\libgcc.a(_divdi3.o)
 .comment       0x0000061e       0x1b c:/program files/asctec_arm_sdk/winarm/bin/../lib/gcc/arm-elf/4.1.1/thumb/interwork\libgcc.a(_fixunsdfdi.o)
 .comment       0x00000639       0x1b c:/program files/asctec_arm_sdk/winarm/bin/../lib/gcc/arm-elf/4.1.1/thumb/interwork\libgcc.a(_clz.o)

.debug
 *(.debug)

.line
 *(.line)

.debug_srcinfo
 *(.debug_srcinfo)

.debug_sfnames
 *(.debug_sfnames)

.debug_aranges  0x00000000      0x390
 *(.debug_aranges)
 .debug_aranges
                0x00000000       0x28 Common_WinARM/src/Startup.o
 .debug_aranges
                0x00000028       0x28 Common_WinARM/src/swi_handler.o
 .debug_aranges
                0x00000050       0x20 LL_HL_comm.o
 .debug_aranges
                0x00000070       0x20 sdk.o
 .debug_aranges
                0x00000090       0x20 main.o
 .debug_aranges
                0x000000b0       0x20 hardware.o
 .debug_aranges
                0x000000d0       0x20 LPC2k_ee.o
 .debug_aranges
                0x000000f0       0x20 system.o
 .debug_aranges
                0x00000110       0x20 uart.o
 .debug_aranges
                0x00000130       0x20 syscalls.o
 .debug_aranges
                0x00000150       0x20 i2c.o
 .debug_aranges
                0x00000170       0x20 Common_WinARM/src/irq.o
 .debug_aranges
                0x00000190       0x20 adc.o
 .debug_aranges
                0x000001b0       0x20 ssp.o
 .debug_aranges
                0x000001d0       0x20 c:/program files/asctec_arm_sdk/winarm/bin/../lib/gcc/arm-elf/4.1.1/thumb/interwork\libgcc.a(_udivsi3.o)
 .debug_aranges
                0x000001f0       0x20 c:/program files/asctec_arm_sdk/winarm/bin/../lib/gcc/arm-elf/4.1.1/thumb/interwork\libgcc.a(_divsi3.o)
 .debug_aranges
                0x00000210       0x20 c:/program files/asctec_arm_sdk/winarm/bin/../lib/gcc/arm-elf/4.1.1/thumb/interwork\libgcc.a(_umodsi3.o)
 .debug_aranges
                0x00000230       0x20 c:/program files/asctec_arm_sdk/winarm/bin/../lib/gcc/arm-elf/4.1.1/thumb/interwork\libgcc.a(_modsi3.o)
 .debug_aranges
                0x00000250       0x20 c:/program files/asctec_arm_sdk/winarm/bin/../lib/gcc/arm-elf/4.1.1/thumb/interwork\libgcc.a(_dvmd_tls.o)
 .debug_aranges
                0x00000270       0x20 c:/program files/asctec_arm_sdk/winarm/bin/../lib/gcc/arm-elf/4.1.1/thumb/interwork\libgcc.a(_addsubdf3.o)
 .debug_aranges
                0x00000290       0x20 c:/program files/asctec_arm_sdk/winarm/bin/../lib/gcc/arm-elf/4.1.1/thumb/interwork\libgcc.a(_muldivdf3.o)
 .debug_aranges
                0x000002b0       0x20 c:/program files/asctec_arm_sdk/winarm/bin/../lib/gcc/arm-elf/4.1.1/thumb/interwork\libgcc.a(_cmpdf2.o)
 .debug_aranges
                0x000002d0       0x20 c:/program files/asctec_arm_sdk/winarm/bin/../lib/gcc/arm-elf/4.1.1/thumb/interwork\libgcc.a(_fixdfsi.o)
 .debug_aranges
                0x000002f0       0x20 c:/program files/asctec_arm_sdk/winarm/bin/../lib/gcc/arm-elf/4.1.1/thumb/interwork\libgcc.a(_cmpdi2.o)
 .debug_aranges
                0x00000310       0x20 c:/program files/asctec_arm_sdk/winarm/bin/../lib/gcc/arm-elf/4.1.1/thumb/interwork\libgcc.a(_fixdfdi.o)
 .debug_aranges
                0x00000330       0x20 c:/program files/asctec_arm_sdk/winarm/bin/../lib/gcc/arm-elf/4.1.1/thumb/interwork\libgcc.a(_divdi3.o)
 .debug_aranges
                0x00000350       0x20 c:/program files/asctec_arm_sdk/winarm/bin/../lib/gcc/arm-elf/4.1.1/thumb/interwork\libgcc.a(_fixunsdfdi.o)
 .debug_aranges
                0x00000370       0x20 c:/program files/asctec_arm_sdk/winarm/bin/../lib/gcc/arm-elf/4.1.1/thumb/interwork\libgcc.a(_fixunsdfsi.o)

.debug_pubnames
                0x00000000      0xe7c
 *(.debug_pubnames)
 .debug_pubnames
                0x00000000       0xe5 LL_HL_comm.o
 .debug_pubnames
                0x000000e5       0x46 gpsmath.o
 .debug_pubnames
                0x0000012b      0x17e sdk.o
 .debug_pubnames
                0x000002a9      0x1d0 main.o
 .debug_pubnames
                0x00000479       0x3e hardware.o
 .debug_pubnames
                0x000004b7       0x6e LPC2k_ee.o
 .debug_pubnames
                0x00000525      0x109 system.o
 .debug_pubnames
                0x0000062e      0x437 uart.o
 .debug_pubnames
                0x00000a65       0x69 syscalls.o
 .debug_pubnames
                0x00000ace      0x120 i2c.o
 .debug_pubnames
                0x00000bee       0x41 Common_WinARM/src/irq.o
 .debug_pubnames
                0x00000c2f       0x74 adc.o
 .debug_pubnames
                0x00000ca3      0x138 ssp.o
 .debug_pubnames
                0x00000ddb       0x1f c:/program files/asctec_arm_sdk/winarm/bin/../lib/gcc/arm-elf/4.1.1/thumb/interwork\libgcc.a(_cmpdi2.o)
 .debug_pubnames
                0x00000dfa       0x20 c:/program files/asctec_arm_sdk/winarm/bin/../lib/gcc/arm-elf/4.1.1/thumb/interwork\libgcc.a(_fixdfdi.o)
 .debug_pubnames
                0x00000e1a       0x1f c:/program files/asctec_arm_sdk/winarm/bin/../lib/gcc/arm-elf/4.1.1/thumb/interwork\libgcc.a(_divdi3.o)
 .debug_pubnames
                0x00000e39       0x23 c:/program files/asctec_arm_sdk/winarm/bin/../lib/gcc/arm-elf/4.1.1/thumb/interwork\libgcc.a(_fixunsdfdi.o)
 .debug_pubnames
                0x00000e5c       0x20 c:/program files/asctec_arm_sdk/winarm/bin/../lib/gcc/arm-elf/4.1.1/thumb/interwork\libgcc.a(_clz.o)

.debug_info     0x00000000     0x68c4
 *(.debug_info .gnu.linkonce.wi.*)
 .debug_info    0x00000000       0x74 Common_WinARM/src/Startup.o
 .debug_info    0x00000074       0x78 Common_WinARM/src/swi_handler.o
 .debug_info    0x000000ec      0x9c4 LL_HL_comm.o
 .debug_info    0x00000ab0        0x0 mymath.o
 .debug_info    0x00000ab0      0x165 gpsmath.o
 .debug_info    0x00000c15      0xadb sdk.o
 .debug_info    0x000016f0      0xb35 main.o
 .debug_info    0x00002225      0x123 hardware.o
 .debug_info    0x00002348      0x391 LPC2k_ee.o
 .debug_info    0x000026d9      0x2d3 system.o
 .debug_info    0x000029ac     0x114a uart.o
 .debug_info    0x00003af6     0x1018 syscalls.o
 .debug_info    0x00004b0e      0x30f i2c.o
 .debug_info    0x00004e1d      0x1d1 Common_WinARM/src/irq.o
 .debug_info    0x00004fee      0x224 adc.o
 .debug_info    0x00005212      0x6f6 ssp.o
 .debug_info    0x00005908       0x74 c:/program files/asctec_arm_sdk/winarm/bin/../lib/gcc/arm-elf/4.1.1/thumb/interwork\libgcc.a(_udivsi3.o)
 .debug_info    0x0000597c       0x74 c:/program files/asctec_arm_sdk/winarm/bin/../lib/gcc/arm-elf/4.1.1/thumb/interwork\libgcc.a(_divsi3.o)
 .debug_info    0x000059f0       0x74 c:/program files/asctec_arm_sdk/winarm/bin/../lib/gcc/arm-elf/4.1.1/thumb/interwork\libgcc.a(_umodsi3.o)
 .debug_info    0x00005a64       0x74 c:/program files/asctec_arm_sdk/winarm/bin/../lib/gcc/arm-elf/4.1.1/thumb/interwork\libgcc.a(_modsi3.o)
 .debug_info    0x00005ad8       0x74 c:/program files/asctec_arm_sdk/winarm/bin/../lib/gcc/arm-elf/4.1.1/thumb/interwork\libgcc.a(_dvmd_tls.o)
 .debug_info    0x00005b4c       0x73 c:/program files/asctec_arm_sdk/winarm/bin/../lib/gcc/arm-elf/4.1.1/thumb/interwork\libgcc.a(_addsubdf3.o)
 .debug_info    0x00005bbf       0x73 c:/program files/asctec_arm_sdk/winarm/bin/../lib/gcc/arm-elf/4.1.1/thumb/interwork\libgcc.a(_muldivdf3.o)
 .debug_info    0x00005c32       0x73 c:/program files/asctec_arm_sdk/winarm/bin/../lib/gcc/arm-elf/4.1.1/thumb/interwork\libgcc.a(_cmpdf2.o)
 .debug_info    0x00005ca5       0x73 c:/program files/asctec_arm_sdk/winarm/bin/../lib/gcc/arm-elf/4.1.1/thumb/interwork\libgcc.a(_fixdfsi.o)
 .debug_info    0x00005d18      0x15d c:/program files/asctec_arm_sdk/winarm/bin/../lib/gcc/arm-elf/4.1.1/thumb/interwork\libgcc.a(_cmpdi2.o)
 .debug_info    0x00005e75       0xce c:/program files/asctec_arm_sdk/winarm/bin/../lib/gcc/arm-elf/4.1.1/thumb/interwork\libgcc.a(_fixdfdi.o)
 .debug_info    0x00005f43      0x750 c:/program files/asctec_arm_sdk/winarm/bin/../lib/gcc/arm-elf/4.1.1/thumb/interwork\libgcc.a(_divdi3.o)
 .debug_info    0x00006693       0xfc c:/program files/asctec_arm_sdk/winarm/bin/../lib/gcc/arm-elf/4.1.1/thumb/interwork\libgcc.a(_fixunsdfdi.o)
 .debug_info    0x0000678f       0xc2 c:/program files/asctec_arm_sdk/winarm/bin/../lib/gcc/arm-elf/4.1.1/thumb/interwork\libgcc.a(_clz.o)